0.16920859201055
0.32162508282029
0.53925236460818
0.4869955806916
0.34540396476766
0.46974892364407
