equipo: 395, rating: 0.45075678168626
equipo: 485, rating: 0.45304912239561
equipo: 755, rating: 0.45392960488396
equipo: 791, rating: 0.45466085497699
equipo: 609, rating: 0.45519558215122
equipo: 697, rating: 0.45530760924712
equipo: 450, rating: 0.457051313634
equipo: 552, rating: 0.45727647910866
equipo: 824, rating: 0.45750003401992
equipo: 679, rating: 0.45813857443923
equipo: 773, rating: 0.45954438190793
equipo: 136, rating: 0.45962540221952
equipo: 741, rating: 0.46067221535053
equipo: 134, rating: 0.46122048675007
equipo: 429, rating: 0.46209559899192
equipo: 440, rating: 0.46322186222132
equipo: 503, rating: 0.46414929423996
equipo: 72, rating: 0.46427891503803
equipo: 913, rating: 0.4643931766431
equipo: 699, rating: 0.46561971930396
equipo: 23, rating: 0.46575469037859
equipo: 878, rating: 0.46581052423186
equipo: 574, rating: 0.46584816944998
equipo: 177, rating: 0.46586954357099
equipo: 318, rating: 0.46603585426236
equipo: 528, rating: 0.46641723722182
equipo: 575, rating: 0.46644202040271
equipo: 28, rating: 0.46662075678128
equipo: 834, rating: 0.46728091603361
equipo: 334, rating: 0.46748941814074
equipo: 634, rating: 0.46749397135847
equipo: 925, rating: 0.46749819289146
equipo: 97, rating: 0.46764877366387
equipo: 357, rating: 0.4680920721431
equipo: 113, rating: 0.46810245327048
equipo: 180, rating: 0.46836801792941
equipo: 601, rating: 0.46840999479645
equipo: 920, rating: 0.46852880089982
equipo: 945, rating: 0.4685761090606
equipo: 540, rating: 0.46915271747306
equipo: 761, rating: 0.46918409946507
equipo: 63, rating: 0.46954206229207
equipo: 683, rating: 0.46971188178772
equipo: 137, rating: 0.46987407794047
equipo: 302, rating: 0.47012940327236
equipo: 765, rating: 0.47037125615729
equipo: 849, rating: 0.47039605347191
equipo: 825, rating: 0.47046030991345
equipo: 34, rating: 0.47056579480785
equipo: 722, rating: 0.47061819421389
equipo: 29, rating: 0.47086040961581
equipo: 37, rating: 0.47110775211753
equipo: 727, rating: 0.47130463125473
equipo: 550, rating: 0.47166960168124
equipo: 315, rating: 0.47196802716223
equipo: 888, rating: 0.47201612525543
equipo: 667, rating: 0.47240209239412
equipo: 6, rating: 0.47244487893303
equipo: 934, rating: 0.47245074420953
equipo: 811, rating: 0.47265072235014
equipo: 337, rating: 0.47306980059157
equipo: 979, rating: 0.47322278126132
equipo: 565, rating: 0.47348668774298
equipo: 109, rating: 0.47368127750327
equipo: 908, rating: 0.47371872275278
equipo: 504, rating: 0.47389224430436
equipo: 163, rating: 0.47405470221433
equipo: 416, rating: 0.47412637114452
equipo: 185, rating: 0.47421264554009
equipo: 89, rating: 0.47423683837807
equipo: 196, rating: 0.47425328680298
equipo: 557, rating: 0.47431195431706
equipo: 413, rating: 0.47438493183883
equipo: 884, rating: 0.47442720634847
equipo: 502, rating: 0.47467693805191
equipo: 859, rating: 0.47467896482419
equipo: 372, rating: 0.47468141398496
equipo: 92, rating: 0.47484056376379
equipo: 369, rating: 0.47521922732604
equipo: 560, rating: 0.47558108419454
equipo: 67, rating: 0.47567244843791
equipo: 556, rating: 0.47568721141344
equipo: 336, rating: 0.47619004153393
equipo: 759, rating: 0.47629878554314
equipo: 331, rating: 0.47639335927816
equipo: 978, rating: 0.47639511409743
equipo: 954, rating: 0.47655475951338
equipo: 388, rating: 0.47666101560769
equipo: 941, rating: 0.47679349039817
equipo: 929, rating: 0.47679457299143
equipo: 604, rating: 0.47706266612829
equipo: 995, rating: 0.47711136077027
equipo: 781, rating: 0.47713492589366
equipo: 183, rating: 0.47715603179478
equipo: 54, rating: 0.47717067330819
equipo: 649, rating: 0.47748955762304
equipo: 542, rating: 0.47757904752503
equipo: 806, rating: 0.47768000238253
equipo: 333, rating: 0.47777703345275
equipo: 31, rating: 0.47783099464589
equipo: 839, rating: 0.47809646732073
equipo: 62, rating: 0.4782831886856
equipo: 628, rating: 0.4783772467167
equipo: 125, rating: 0.4786349966496
equipo: 766, rating: 0.47863725014145
equipo: 335, rating: 0.47866490703813
equipo: 745, rating: 0.47877865028157
equipo: 3, rating: 0.47887369297003
equipo: 434, rating: 0.47899409661667
equipo: 122, rating: 0.47899836237045
equipo: 56, rating: 0.4791100746372
equipo: 568, rating: 0.47915456331516
equipo: 345, rating: 0.47919252786793
equipo: 685, rating: 0.47921875445647
equipo: 428, rating: 0.47924378065233
equipo: 733, rating: 0.47928866163088
equipo: 555, rating: 0.47928873044415
equipo: 786, rating: 0.47928964639697
equipo: 481, rating: 0.47939664381651
equipo: 492, rating: 0.47940242608949
equipo: 651, rating: 0.47940446192718
equipo: 864, rating: 0.47950193113724
equipo: 280, rating: 0.47951417226124
equipo: 653, rating: 0.47962949324473
equipo: 652, rating: 0.4796397593751
equipo: 680, rating: 0.47981254464953
equipo: 13, rating: 0.47998999896622
equipo: 837, rating: 0.48003226413966
equipo: 860, rating: 0.48007410609369
equipo: 807, rating: 0.4801146115886
equipo: 724, rating: 0.48024318350269
equipo: 644, rating: 0.4803945461474
equipo: 41, rating: 0.48041006080779
equipo: 408, rating: 0.48042668967332
equipo: 626, rating: 0.48048055987088
equipo: 203, rating: 0.48051020831952
equipo: 886, rating: 0.48057769979189
equipo: 742, rating: 0.48083576536396
equipo: 981, rating: 0.48083775337915
equipo: 577, rating: 0.48088206057226
equipo: 71, rating: 0.48093514568404
equipo: 932, rating: 0.48101326075187
equipo: 211, rating: 0.48141346045877
equipo: 250, rating: 0.48154732066386
equipo: 247, rating: 0.48155083225959
equipo: 489, rating: 0.48157548378968
equipo: 696, rating: 0.48162127489972
equipo: 48, rating: 0.48164822460867
equipo: 73, rating: 0.48173323201522
equipo: 96, rating: 0.48177890232847
equipo: 299, rating: 0.48178692895322
equipo: 958, rating: 0.48187167631888
equipo: 820, rating: 0.4819258732621
equipo: 987, rating: 0.48199906847664
equipo: 240, rating: 0.48217463216758
equipo: 448, rating: 0.48227215664981
equipo: 144, rating: 0.48229469800654
equipo: 431, rating: 0.48232404184016
equipo: 188, rating: 0.48240218249093
equipo: 909, rating: 0.48244772345115
equipo: 748, rating: 0.48259361200548
equipo: 235, rating: 0.48262087149008
equipo: 373, rating: 0.48268863650813
equipo: 406, rating: 0.48277427628135
equipo: 404, rating: 0.48282074718963
equipo: 911, rating: 0.48284077448412
equipo: 611, rating: 0.48290836419109
equipo: 465, rating: 0.48293861348166
equipo: 131, rating: 0.48295091133899
equipo: 181, rating: 0.4829681263181
equipo: 269, rating: 0.48300485792351
equipo: 457, rating: 0.48301794645826
equipo: 365, rating: 0.48313100522442
equipo: 553, rating: 0.48320733684211
equipo: 350, rating: 0.483223652688
equipo: 255, rating: 0.48331080747388
equipo: 141, rating: 0.4833189288166
equipo: 261, rating: 0.48337149458403
equipo: 708, rating: 0.48353784825472
equipo: 399, rating: 0.48364816798987
equipo: 233, rating: 0.48365767682829
equipo: 816, rating: 0.48371489355097
equipo: 898, rating: 0.48379243726236
equipo: 128, rating: 0.48385713978676
equipo: 257, rating: 0.48398219897033
equipo: 437, rating: 0.4840447185281
equipo: 838, rating: 0.48406235990352
equipo: 858, rating: 0.48415744427912
equipo: 819, rating: 0.48416533756804
equipo: 827, rating: 0.48422293595583
equipo: 931, rating: 0.48424475135273
equipo: 234, rating: 0.48425683456012
equipo: 844, rating: 0.48430348700764
equipo: 905, rating: 0.48434394319129
equipo: 303, rating: 0.48434472132797
equipo: 689, rating: 0.48434823609
equipo: 460, rating: 0.4844893002152
equipo: 939, rating: 0.48450316012305
equipo: 273, rating: 0.48455896545377
equipo: 998, rating: 0.48461803567152
equipo: 466, rating: 0.48473320167806
equipo: 980, rating: 0.48484805779317
equipo: 317, rating: 0.48501311373463
equipo: 39, rating: 0.48505499624476
equipo: 916, rating: 0.48506061835963
equipo: 426, rating: 0.48509948670439
equipo: 59, rating: 0.4854366833198
equipo: 12, rating: 0.48550432027442
equipo: 495, rating: 0.48559523962701
equipo: 949, rating: 0.48560328959958
equipo: 993, rating: 0.48582554985806
equipo: 57, rating: 0.48589636950526
equipo: 955, rating: 0.48589883953474
equipo: 353, rating: 0.48595317426887
equipo: 123, rating: 0.48599563956209
equipo: 198, rating: 0.48604614034826
equipo: 536, rating: 0.48607530648585
equipo: 499, rating: 0.48612774444552
equipo: 427, rating: 0.48632244228919
equipo: 592, rating: 0.48655129473991
equipo: 822, rating: 0.48659915319731
equipo: 480, rating: 0.48661254229775
equipo: 539, rating: 0.48668881543447
equipo: 306, rating: 0.48671535040537
equipo: 522, rating: 0.48675626972766
equipo: 789, rating: 0.48680311866851
equipo: 721, rating: 0.48697203331592
equipo: 746, rating: 0.48699245712952
equipo: 260, rating: 0.48722626908528
equipo: 477, rating: 0.48722824685145
equipo: 400, rating: 0.48723935811446
equipo: 348, rating: 0.48736418045025
equipo: 684, rating: 0.48738278074249
equipo: 490, rating: 0.48744629325768
equipo: 720, rating: 0.48754042294219
equipo: 772, rating: 0.48756335134564
equipo: 732, rating: 0.48757002269917
equipo: 393, rating: 0.48760799925816
equipo: 249, rating: 0.48767170999294
equipo: 950, rating: 0.48772310958351
equipo: 85, rating: 0.48783450421503
equipo: 473, rating: 0.48787511688147
equipo: 588, rating: 0.48794777121408
equipo: 86, rating: 0.48803185923464
equipo: 344, rating: 0.48822013294453
equipo: 47, rating: 0.48823595425437
equipo: 976, rating: 0.48827289424342
equipo: 438, rating: 0.48829610139777
equipo: 903, rating: 0.48829706429074
equipo: 706, rating: 0.48831313381167
equipo: 564, rating: 0.48831518026568
equipo: 627, rating: 0.48832749456118
equipo: 734, rating: 0.48835985929378
equipo: 374, rating: 0.48836648224958
equipo: 11, rating: 0.48838943694241
equipo: 641, rating: 0.48840596239148
equipo: 961, rating: 0.48841276458765
equipo: 453, rating: 0.48842858636801
equipo: 573, rating: 0.48849112716155
equipo: 82, rating: 0.48854113331399
equipo: 111, rating: 0.48856713797253
equipo: 546, rating: 0.48863708454805
equipo: 409, rating: 0.48865325050987
equipo: 743, rating: 0.48865587608939
equipo: 441, rating: 0.48871426996926
equipo: 24, rating: 0.4888344324506
equipo: 443, rating: 0.488849407096
equipo: 579, rating: 0.48889625379735
equipo: 547, rating: 0.48906968972609
equipo: 190, rating: 0.48908550108084
equipo: 79, rating: 0.48913362040572
equipo: 924, rating: 0.48923148967322
equipo: 288, rating: 0.48923300390782
equipo: 133, rating: 0.48926903427566
equipo: 606, rating: 0.48928684834339
equipo: 671, rating: 0.48928775007536
equipo: 915, rating: 0.48936272861462
equipo: 534, rating: 0.48937070855445
equipo: 112, rating: 0.489513527249
equipo: 937, rating: 0.48953909628478
equipo: 974, rating: 0.48953931334095
equipo: 488, rating: 0.48958278219397
equipo: 411, rating: 0.48959850146511
equipo: 912, rating: 0.48965284298665
equipo: 70, rating: 0.48971590616843
equipo: 744, rating: 0.48988719640297
equipo: 698, rating: 0.49002401457336
equipo: 896, rating: 0.49006244708772
equipo: 193, rating: 0.49013805123467
equipo: 620, rating: 0.49030632046234
equipo: 670, rating: 0.49037785262792
equipo: 444, rating: 0.4904578081611
equipo: 660, rating: 0.49064260006505
equipo: 928, rating: 0.49065339288571
equipo: 206, rating: 0.49071476685499
equipo: 605, rating: 0.49072414880662
equipo: 967, rating: 0.49083777424606
equipo: 189, rating: 0.4909048221965
equipo: 291, rating: 0.49093634049538
equipo: 364, rating: 0.49097336912171
equipo: 841, rating: 0.49107409781977
equipo: 956, rating: 0.49109099815208
equipo: 835, rating: 0.49115524869095
equipo: 815, rating: 0.49121524386267
equipo: 582, rating: 0.49123695394036
equipo: 305, rating: 0.49126378141714
equipo: 169, rating: 0.49127506990394
equipo: 823, rating: 0.49136363397691
equipo: 115, rating: 0.4913707695726
equipo: 396, rating: 0.49144004295137
equipo: 525, rating: 0.491474722699
equipo: 170, rating: 0.49156310192176
equipo: 232, rating: 0.49157492471553
equipo: 777, rating: 0.49165819318391
equipo: 330, rating: 0.49168492280871
equipo: 813, rating: 0.49174791746694
equipo: 899, rating: 0.4918145249107
equipo: 36, rating: 0.49183946555945
equipo: 715, rating: 0.49189316445346
equipo: 295, rating: 0.49189493390248
equipo: 164, rating: 0.4918978127825
equipo: 554, rating: 0.49192118149459
equipo: 833, rating: 0.49197787467869
equipo: 361, rating: 0.49199004716894
equipo: 612, rating: 0.49199899886234
equipo: 304, rating: 0.49215431121852
equipo: 717, rating: 0.49215875863215
equipo: 284, rating: 0.49226085649042
equipo: 30, rating: 0.49232004603876
equipo: 988, rating: 0.49238270125034
equipo: 176, rating: 0.49239704717478
equipo: 378, rating: 0.49240604909414
equipo: 659, rating: 0.49244150018008
equipo: 784, rating: 0.49246220878551
equipo: 103, rating: 0.49254066653342
equipo: 126, rating: 0.49259388381355
equipo: 879, rating: 0.49264212907394
equipo: 381, rating: 0.49275578851227
equipo: 907, rating: 0.49276356041249
equipo: 785, rating: 0.49285504830595
equipo: 275, rating: 0.49287147467042
equipo: 451, rating: 0.49288036048385
equipo: 347, rating: 0.49288245670943
equipo: 175, rating: 0.49289614674247
equipo: 208, rating: 0.4929064734467
equipo: 842, rating: 0.49292751238436
equipo: 286, rating: 0.49298131759796
equipo: 650, rating: 0.4930886371795
equipo: 402, rating: 0.49317176023584
equipo: 405, rating: 0.49318790498355
equipo: 532, rating: 0.49320647967321
equipo: 339, rating: 0.49329110919089
equipo: 851, rating: 0.49331352092675
equipo: 544, rating: 0.49332298183017
equipo: 531, rating: 0.49332845302698
equipo: 479, rating: 0.49335165592061
equipo: 694, rating: 0.49343548822692
equipo: 75, rating: 0.49346065838401
equipo: 681, rating: 0.49346595651337
equipo: 239, rating: 0.49349244911891
equipo: 282, rating: 0.4935788097231
equipo: 58, rating: 0.49360674127302
equipo: 999, rating: 0.49361401300688
equipo: 316, rating: 0.49365507993208
equipo: 861, rating: 0.49369344401129
equipo: 382, rating: 0.49370588101289
equipo: 892, rating: 0.49371631741594
equipo: 487, rating: 0.49373200093255
equipo: 686, rating: 0.49374200152284
equipo: 359, rating: 0.49391856215561
equipo: 184, rating: 0.49393412194871
equipo: 53, rating: 0.49395476010647
equipo: 516, rating: 0.49402393312962
equipo: 545, rating: 0.49411260728028
equipo: 619, rating: 0.49416684756088
equipo: 983, rating: 0.49417429028719
equipo: 84, rating: 0.4941848922998
equipo: 159, rating: 0.49431646976081
equipo: 182, rating: 0.49438345767433
equipo: 608, rating: 0.494391128041
equipo: 300, rating: 0.49443164179612
equipo: 595, rating: 0.49449904520081
equipo: 599, rating: 0.49451682661297
equipo: 830, rating: 0.49462350213266
equipo: 890, rating: 0.49470836542497
equipo: 977, rating: 0.49472537919527
equipo: 389, rating: 0.49488009471509
equipo: 922, rating: 0.49488317616929
equipo: 285, rating: 0.49495580677121
equipo: 270, rating: 0.49497835262701
equipo: 642, rating: 0.49505472882496
equipo: 464, rating: 0.49509697605118
equipo: 889, rating: 0.49510170888551
equipo: 9, rating: 0.49517599557661
equipo: 18, rating: 0.49523537586984
equipo: 538, rating: 0.49525094496261
equipo: 515, rating: 0.49528890687247
equipo: 876, rating: 0.49532261344303
equipo: 519, rating: 0.4954641183659
equipo: 718, rating: 0.49548846810133
equipo: 449, rating: 0.49554669558059
equipo: 960, rating: 0.49559885847616
equipo: 726, rating: 0.49571529946797
equipo: 598, rating: 0.49574949654503
equipo: 99, rating: 0.49576887474217
equipo: 828, rating: 0.49587939066105
equipo: 366, rating: 0.4959046096405
equipo: 805, rating: 0.49596479634966
equipo: 792, rating: 0.4959691110876
equipo: 596, rating: 0.49604059953054
equipo: 266, rating: 0.4960871524802
equipo: 957, rating: 0.49610353203083
equipo: 127, rating: 0.49612625601043
equipo: 210, rating: 0.49613242360716
equipo: 529, rating: 0.49621896995455
equipo: 256, rating: 0.49634845963652
equipo: 951, rating: 0.49637190204552
equipo: 887, rating: 0.49644103406666
equipo: 199, rating: 0.49645021108135
equipo: 802, rating: 0.49645639312433
equipo: 108, rating: 0.49646000076926
equipo: 456, rating: 0.49647636535092
equipo: 676, rating: 0.49647679125947
equipo: 326, rating: 0.49648528768834
equipo: 984, rating: 0.49648753360588
equipo: 750, rating: 0.49655279472886
equipo: 155, rating: 0.49657829260716
equipo: 647, rating: 0.49667562540069
equipo: 194, rating: 0.49671004723339
equipo: 197, rating: 0.49674052598816
equipo: 76, rating: 0.4968069184629
equipo: 110, rating: 0.49685789527702
equipo: 145, rating: 0.49691170262039
equipo: 494, rating: 0.49693255952786
equipo: 566, rating: 0.49704061063753
equipo: 625, rating: 0.49707295759513
equipo: 500, rating: 0.49710010785686
equipo: 873, rating: 0.49712378912915
equipo: 167, rating: 0.49712650425511
equipo: 19, rating: 0.49715811312124
equipo: 74, rating: 0.49719322998917
equipo: 863, rating: 0.49734115004359
equipo: 959, rating: 0.49740180524644
equipo: 424, rating: 0.49748270390429
equipo: 857, rating: 0.49751831147838
equipo: 826, rating: 0.49757774195435
equipo: 754, rating: 0.49759509979246
equipo: 157, rating: 0.49759941620371
equipo: 996, rating: 0.4976498815405
equipo: 379, rating: 0.49766332819471
equipo: 309, rating: 0.4977407592303
equipo: 843, rating: 0.49778775656304
equipo: 648, rating: 0.49782176477881
equipo: 168, rating: 0.49782243314159
equipo: 764, rating: 0.49786725317896
equipo: 265, rating: 0.49795941541485
equipo: 682, rating: 0.49798404139885
equipo: 458, rating: 0.49798582779833
equipo: 104, rating: 0.49811280222862
equipo: 227, rating: 0.49838042006651
equipo: 675, rating: 0.49850309954195
equipo: 246, rating: 0.49850451772237
equipo: 310, rating: 0.49856331107756
equipo: 757, rating: 0.49863925006557
equipo: 308, rating: 0.49865664080724
equipo: 290, rating: 0.49870667991912
equipo: 871, rating: 0.49875085010052
equipo: 919, rating: 0.49878580465229
equipo: 40, rating: 0.49878991053928
equipo: 419, rating: 0.49879598863984
equipo: 513, rating: 0.4988158569605
equipo: 870, rating: 0.49884821130323
equipo: 165, rating: 0.4988566992387
equipo: 541, rating: 0.49888949252151
equipo: 253, rating: 0.49891338326788
equipo: 114, rating: 0.49901007916594
equipo: 4, rating: 0.49909172963125
equipo: 418, rating: 0.49909577177075
equipo: 846, rating: 0.49910607915485
equipo: 687, rating: 0.49914317921187
equipo: 506, rating: 0.49918934138944
equipo: 989, rating: 0.49921302063098
equipo: 368, rating: 0.49927211972092
equipo: 229, rating: 0.49930813610015
equipo: 831, rating: 0.4993446888201
equipo: 796, rating: 0.49945532000212
equipo: 508, rating: 0.49948918449153
equipo: 254, rating: 0.49953865410357
equipo: 349, rating: 0.49964091620977
equipo: 693, rating: 0.49964409258221
equipo: 787, rating: 0.49964435688039
equipo: 143, rating: 0.49964603838545
equipo: 586, rating: 0.49967382084755
equipo: 551, rating: 0.49968409046426
equipo: 714, rating: 0.49977696250041
equipo: 101, rating: 0.49989353547539
equipo: 707, rating: 0.49990297647713
equipo: 268, rating: 0.50003492168602
equipo: 753, rating: 0.50005719231679
equipo: 100, rating: 0.50012592028979
equipo: 0, rating: 0.50013653775159
equipo: 129, rating: 0.50014742468909
equipo: 705, rating: 0.5001768502556
equipo: 384, rating: 0.50030654794755
equipo: 692, rating: 0.50037912391075
equipo: 432, rating: 0.50043965174178
equipo: 132, rating: 0.50045837317655
equipo: 964, rating: 0.50048356707018
equipo: 752, rating: 0.50050385765646
equipo: 281, rating: 0.50050618647238
equipo: 845, rating: 0.50053585525662
equipo: 220, rating: 0.50058257519427
equipo: 690, rating: 0.50065486501736
equipo: 521, rating: 0.50076168621095
equipo: 412, rating: 0.50087915769588
equipo: 578, rating: 0.50087955717346
equipo: 486, rating: 0.50088201399885
equipo: 664, rating: 0.50089603078228
equipo: 187, rating: 0.50092977338646
equipo: 493, rating: 0.50094737738108
equipo: 328, rating: 0.50095887038197
equipo: 236, rating: 0.50109084405764
equipo: 106, rating: 0.50109464589456
equipo: 730, rating: 0.50109832841901
equipo: 559, rating: 0.50110909094042
equipo: 241, rating: 0.50111665859622
equipo: 788, rating: 0.50121552192262
equipo: 415, rating: 0.50124338726393
equipo: 780, rating: 0.50130990962396
equipo: 793, rating: 0.50135781690165
equipo: 14, rating: 0.50136202447732
equipo: 313, rating: 0.50140981365561
equipo: 562, rating: 0.50141018228261
equipo: 7, rating: 0.50141120539323
equipo: 583, rating: 0.50142021311088
equipo: 901, rating: 0.50142568345041
equipo: 669, rating: 0.50160202549191
equipo: 965, rating: 0.50165551271118
equipo: 462, rating: 0.50174305800009
equipo: 26, rating: 0.50177861450876
equipo: 325, rating: 0.50179693230835
equipo: 160, rating: 0.5018193265229
equipo: 307, rating: 0.5018552144801
equipo: 154, rating: 0.5018621879198
equipo: 461, rating: 0.50197546572136
equipo: 417, rating: 0.5020293606509
equipo: 767, rating: 0.50206621762055
equipo: 973, rating: 0.50206803840448
equipo: 633, rating: 0.50220031276491
equipo: 966, rating: 0.50221693517034
equipo: 968, rating: 0.50226371011454
equipo: 117, rating: 0.50241252881747
equipo: 804, rating: 0.50244404112172
equipo: 639, rating: 0.50245574823558
equipo: 274, rating: 0.50249463568528
equipo: 921, rating: 0.50253839403505
equipo: 179, rating: 0.50255317560021
equipo: 88, rating: 0.50258790191951
equipo: 946, rating: 0.50264793321351
equipo: 212, rating: 0.50267771844119
equipo: 906, rating: 0.50273506765947
equipo: 237, rating: 0.50299792649388
equipo: 311, rating: 0.5030222957846
equipo: 171, rating: 0.50302491711892
equipo: 422, rating: 0.5030351448613
equipo: 463, rating: 0.50308725384681
equipo: 533, rating: 0.50316131774299
equipo: 668, rating: 0.5032237836412
equipo: 496, rating: 0.5032404727828
equipo: 936, rating: 0.50327621900719
equipo: 632, rating: 0.50330343493928
equipo: 763, rating: 0.50330585266235
equipo: 695, rating: 0.50334404587131
equipo: 703, rating: 0.50336347965024
equipo: 952, rating: 0.50340499689537
equipo: 346, rating: 0.50354622993431
equipo: 459, rating: 0.50363063439146
equipo: 5, rating: 0.50363306238127
equipo: 174, rating: 0.50379937913519
equipo: 880, rating: 0.50380930009024
equipo: 589, rating: 0.50385153341138
equipo: 760, rating: 0.50390320427443
equipo: 482, rating: 0.50396568167819
equipo: 943, rating: 0.50397007862997
equipo: 392, rating: 0.50404486186445
equipo: 512, rating: 0.50407486417461
equipo: 985, rating: 0.50411609966797
equipo: 370, rating: 0.50412267021573
equipo: 948, rating: 0.50412996483479
equipo: 836, rating: 0.50417469481942
equipo: 511, rating: 0.50419410952925
equipo: 38, rating: 0.50428135908256
equipo: 723, rating: 0.50431537968713
equipo: 688, rating: 0.50450337436591
equipo: 618, rating: 0.50451054438156
equipo: 677, rating: 0.50451719664708
equipo: 593, rating: 0.50453965406088
equipo: 673, rating: 0.50457050806746
equipo: 414, rating: 0.50461753529818
equipo: 22, rating: 0.50465110717456
equipo: 172, rating: 0.50465912838341
equipo: 60, rating: 0.50469028601821
equipo: 338, rating: 0.50474815966112
equipo: 476, rating: 0.50480774870507
equipo: 600, rating: 0.50482114459996
equipo: 80, rating: 0.50493591329728
equipo: 638, rating: 0.50496352366294
equipo: 242, rating: 0.50506549038156
equipo: 580, rating: 0.50509142601623
equipo: 713, rating: 0.50516008961421
equipo: 166, rating: 0.50521970974069
equipo: 471, rating: 0.50526449695907
equipo: 1, rating: 0.50526467618962
equipo: 312, rating: 0.50526765087338
equipo: 248, rating: 0.50527759103573
equipo: 17, rating: 0.50546852099478
equipo: 91, rating: 0.50553445125809
equipo: 624, rating: 0.50578050126764
equipo: 226, rating: 0.5058107782773
equipo: 971, rating: 0.50582757461034
equipo: 121, rating: 0.50583421897236
equipo: 394, rating: 0.50588022929854
equipo: 158, rating: 0.50588157540577
equipo: 162, rating: 0.50591661471722
equipo: 484, rating: 0.50594090903037
equipo: 930, rating: 0.50600792414667
equipo: 77, rating: 0.50609043153025
equipo: 192, rating: 0.50627436102245
equipo: 914, rating: 0.50628365500107
equipo: 243, rating: 0.50633077989966
equipo: 292, rating: 0.50641109721497
equipo: 501, rating: 0.50641348793332
equipo: 927, rating: 0.50643575940403
equipo: 962, rating: 0.50656475084817
equipo: 872, rating: 0.50657740469595
equipo: 610, rating: 0.50658070580328
equipo: 779, rating: 0.50664498210419
equipo: 81, rating: 0.50665668755718
equipo: 576, rating: 0.50669314167697
equipo: 821, rating: 0.50670141572039
equipo: 701, rating: 0.50670193429075
equipo: 665, rating: 0.50670250288592
equipo: 850, rating: 0.50675075717833
equipo: 953, rating: 0.50678990335622
equipo: 505, rating: 0.5067909738897
equipo: 397, rating: 0.50681695188086
equipo: 436, rating: 0.506842391853
equipo: 527, rating: 0.50685872611043
equipo: 251, rating: 0.50686757614652
equipo: 491, rating: 0.50688054138327
equipo: 523, rating: 0.50689583091021
equipo: 801, rating: 0.50689778824202
equipo: 371, rating: 0.50697262826089
equipo: 808, rating: 0.50699273828163
equipo: 225, rating: 0.50700391513206
equipo: 238, rating: 0.50711580975352
equipo: 869, rating: 0.5071259662047
equipo: 8, rating: 0.50715395353385
equipo: 279, rating: 0.50719689519181
equipo: 716, rating: 0.50745765940818
equipo: 430, rating: 0.50748790221114
equipo: 140, rating: 0.50752440899387
equipo: 46, rating: 0.50753222936285
equipo: 614, rating: 0.50753509119745
equipo: 524, rating: 0.50760247140182
equipo: 105, rating: 0.50764556139918
equipo: 383, rating: 0.50765312786462
equipo: 148, rating: 0.50770547428655
equipo: 16, rating: 0.50777346880626
equipo: 558, rating: 0.50777481333148
equipo: 803, rating: 0.50780491566286
equipo: 891, rating: 0.50786757632738
equipo: 661, rating: 0.50791088565511
equipo: 213, rating: 0.50801005658599
equipo: 847, rating: 0.50801333873908
equipo: 483, rating: 0.50809233739082
equipo: 401, rating: 0.5081288346374
equipo: 868, rating: 0.50815474996021
equipo: 215, rating: 0.50816753495282
equipo: 581, rating: 0.50818400242517
equipo: 363, rating: 0.50818711599671
equipo: 990, rating: 0.50823896199034
equipo: 264, rating: 0.50824235447245
equipo: 223, rating: 0.50827083225656
equipo: 151, rating: 0.50829272860148
equipo: 224, rating: 0.50831962885622
equipo: 469, rating: 0.50841814183765
equipo: 327, rating: 0.50855310529622
equipo: 691, rating: 0.50856576975218
equipo: 572, rating: 0.50865129633726
equipo: 214, rating: 0.5086907020161
equipo: 940, rating: 0.50871044275562
equipo: 51, rating: 0.50880130290413
equipo: 231, rating: 0.50887188445602
equipo: 737, rating: 0.50887787072253
equipo: 207, rating: 0.50893284364572
equipo: 584, rating: 0.50899730360356
equipo: 259, rating: 0.5091391643902
equipo: 358, rating: 0.5091664560441
equipo: 646, rating: 0.50934935713803
equipo: 938, rating: 0.50938686859472
equipo: 278, rating: 0.50943994020797
equipo: 95, rating: 0.50944160562938
equipo: 98, rating: 0.50973662565964
equipo: 798, rating: 0.50982410518415
equipo: 252, rating: 0.50986466885132
equipo: 204, rating: 0.5098884034592
equipo: 704, rating: 0.50989342577647
equipo: 874, rating: 0.51007500520301
equipo: 324, rating: 0.51007632778676
equipo: 43, rating: 0.51012620874878
equipo: 567, rating: 0.5102067998364
equipo: 343, rating: 0.51023537421441
equipo: 640, rating: 0.51025104210125
equipo: 585, rating: 0.51030027430795
equipo: 616, rating: 0.51035230660714
equipo: 543, rating: 0.51053498232669
equipo: 156, rating: 0.51062346156193
equipo: 217, rating: 0.51064361025841
equipo: 93, rating: 0.51065842148353
equipo: 561, rating: 0.51066881339296
equipo: 147, rating: 0.51069152530906
equipo: 83, rating: 0.51071812404344
equipo: 467, rating: 0.51075007045385
equipo: 739, rating: 0.51078375350135
equipo: 602, rating: 0.51078946162569
equipo: 709, rating: 0.51086251363919
equipo: 597, rating: 0.51089065246243
equipo: 658, rating: 0.51094392397895
equipo: 410, rating: 0.51095240346377
equipo: 832, rating: 0.51095265737606
equipo: 66, rating: 0.51100155148659
equipo: 902, rating: 0.51100281270504
equipo: 44, rating: 0.51115226235875
equipo: 778, rating: 0.51119814447016
equipo: 571, rating: 0.51120529426587
equipo: 867, rating: 0.51122582369647
equipo: 933, rating: 0.51126676987382
equipo: 377, rating: 0.51129818033877
equipo: 700, rating: 0.5112998446024
equipo: 386, rating: 0.51135951616959
equipo: 814, rating: 0.5113996847096
equipo: 390, rating: 0.51142350637846
equipo: 623, rating: 0.51151564330334
equipo: 969, rating: 0.511526623984
equipo: 205, rating: 0.51171987936175
equipo: 102, rating: 0.51174193737117
equipo: 935, rating: 0.51180594895406
equipo: 751, rating: 0.51181069822621
equipo: 942, rating: 0.51181722373902
equipo: 433, rating: 0.51181880093521
equipo: 738, rating: 0.51182006029693
equipo: 52, rating: 0.51183150847206
equipo: 470, rating: 0.51183716402569
equipo: 380, rating: 0.51186641575921
equipo: 810, rating: 0.51187509993285
equipo: 446, rating: 0.51193329529259
equipo: 666, rating: 0.51193488913258
equipo: 854, rating: 0.51199308219993
equipo: 468, rating: 0.51206174305749
equipo: 152, rating: 0.51219725224125
equipo: 510, rating: 0.51225026654608
equipo: 877, rating: 0.51227981820214
equipo: 94, rating: 0.51231832498508
equipo: 296, rating: 0.51239929295444
equipo: 731, rating: 0.51245168020597
equipo: 570, rating: 0.51252791743306
equipo: 391, rating: 0.5125298621202
equipo: 797, rating: 0.51253266623995
equipo: 790, rating: 0.51263848466358
equipo: 342, rating: 0.51264255677577
equipo: 591, rating: 0.51273949699201
equipo: 975, rating: 0.5127577106424
equipo: 354, rating: 0.51278169475965
equipo: 352, rating: 0.51280023637162
equipo: 769, rating: 0.5128082156554
equipo: 186, rating: 0.51284924202416
equipo: 622, rating: 0.51288349121202
equipo: 856, rating: 0.51293243066028
equipo: 474, rating: 0.51296936048647
equipo: 636, rating: 0.51298980788631
equipo: 735, rating: 0.51301906835757
equipo: 917, rating: 0.51303740131526
equipo: 332, rating: 0.51307723419643
equipo: 728, rating: 0.51324753597077
equipo: 119, rating: 0.51330703080381
equipo: 258, rating: 0.51340139860472
equipo: 423, rating: 0.51340241724161
equipo: 263, rating: 0.513492051908
equipo: 776, rating: 0.51352590465462
equipo: 367, rating: 0.51354070708677
equipo: 150, rating: 0.5136740416663
equipo: 829, rating: 0.51385154168912
equipo: 862, rating: 0.51410533942379
equipo: 895, rating: 0.51411709138018
equipo: 201, rating: 0.51412148935805
equipo: 645, rating: 0.51420023081167
equipo: 657, rating: 0.51422978862306
equipo: 637, rating: 0.51425768223976
equipo: 537, rating: 0.51429934262068
equipo: 812, rating: 0.51440917063399
equipo: 910, rating: 0.51447481337296
equipo: 840, rating: 0.51449012417539
equipo: 218, rating: 0.51451393111719
equipo: 445, rating: 0.51456770427666
equipo: 138, rating: 0.51458612241944
equipo: 228, rating: 0.51462728866836
equipo: 526, rating: 0.51465270670373
equipo: 10, rating: 0.51465793961356
equipo: 45, rating: 0.51476972496407
equipo: 221, rating: 0.51484538972938
equipo: 590, rating: 0.51489880957633
equipo: 42, rating: 0.5149833238194
equipo: 178, rating: 0.5151995169429
equipo: 321, rating: 0.51543120550972
equipo: 142, rating: 0.51547575234221
equipo: 20, rating: 0.515535300124
equipo: 153, rating: 0.51574446785851
equipo: 262, rating: 0.51584803652563
equipo: 329, rating: 0.5160731201714
equipo: 478, rating: 0.51618324910376
equipo: 894, rating: 0.51620996340826
equipo: 885, rating: 0.51626766816152
equipo: 672, rating: 0.51626805191805
equipo: 729, rating: 0.51632760312389
equipo: 209, rating: 0.51652087905532
equipo: 663, rating: 0.51660436424413
equipo: 68, rating: 0.51667908708091
equipo: 904, rating: 0.51673849008228
equipo: 271, rating: 0.51679731921763
equipo: 50, rating: 0.51688035811621
equipo: 795, rating: 0.51703612192673
equipo: 191, rating: 0.51704679407704
equipo: 25, rating: 0.51712162516344
equipo: 355, rating: 0.51748922163041
equipo: 918, rating: 0.51749182658537
equipo: 897, rating: 0.51765316807459
equipo: 771, rating: 0.5176703046531
equipo: 674, rating: 0.51801567830015
equipo: 452, rating: 0.5180471472234
equipo: 498, rating: 0.51804806532232
equipo: 702, rating: 0.51816433337714
equipo: 35, rating: 0.51817057133175
equipo: 740, rating: 0.51817847661285
equipo: 107, rating: 0.51834793849182
equipo: 594, rating: 0.51847099456956
equipo: 800, rating: 0.51858016675904
equipo: 472, rating: 0.51867986184317
equipo: 420, rating: 0.51872370891999
equipo: 794, rating: 0.51877810015499
equipo: 900, rating: 0.51879894907827
equipo: 770, rating: 0.51900863256085
equipo: 21, rating: 0.51904811840329
equipo: 375, rating: 0.51926702946554
equipo: 320, rating: 0.51932838219472
equipo: 362, rating: 0.51944699912783
equipo: 972, rating: 0.51949611191366
equipo: 398, rating: 0.51963273135512
equipo: 33, rating: 0.51965224853745
equipo: 497, rating: 0.51965993595967
equipo: 883, rating: 0.51972815180598
equipo: 630, rating: 0.51980479426749
equipo: 65, rating: 0.51986767473902
equipo: 356, rating: 0.52001767452215
equipo: 301, rating: 0.52003250357051
equipo: 385, rating: 0.52004749485942
equipo: 853, rating: 0.52020415112897
equipo: 118, rating: 0.52039605915481
equipo: 161, rating: 0.52045116940282
equipo: 678, rating: 0.52048913535656
equipo: 655, rating: 0.5206336765992
equipo: 509, rating: 0.52064383089898
equipo: 530, rating: 0.52071137632828
equipo: 799, rating: 0.5207210755773
equipo: 297, rating: 0.52075843065913
equipo: 848, rating: 0.52083687708066
equipo: 865, rating: 0.52088150458833
equipo: 120, rating: 0.52088479717496
equipo: 298, rating: 0.52092202395469
equipo: 621, rating: 0.52092574285928
equipo: 643, rating: 0.52096182176032
equipo: 294, rating: 0.52098501021097
equipo: 322, rating: 0.52109447248085
equipo: 711, rating: 0.52114398150089
equipo: 982, rating: 0.52117498777084
equipo: 277, rating: 0.52121417161347
equipo: 548, rating: 0.52129103010854
equipo: 535, rating: 0.52147461982965
equipo: 613, rating: 0.52148484657498
equipo: 78, rating: 0.52164888883982
equipo: 149, rating: 0.52178912404448
equipo: 272, rating: 0.52210815842328
equipo: 875, rating: 0.52213979199968
equipo: 712, rating: 0.52216471719314
equipo: 809, rating: 0.52233226775854
equipo: 756, rating: 0.52246172106595
equipo: 61, rating: 0.52260929733753
equipo: 200, rating: 0.52282403239723
equipo: 439, rating: 0.52300861980577
equipo: 817, rating: 0.52310083928203
equipo: 340, rating: 0.52318556926153
equipo: 947, rating: 0.52328273372737
equipo: 341, rating: 0.52349518254376
equipo: 116, rating: 0.52361995225594
equipo: 855, rating: 0.52363212545223
equipo: 124, rating: 0.52370833814711
equipo: 507, rating: 0.52372011681023
equipo: 662, rating: 0.52375920177954
equipo: 881, rating: 0.52386822150383
equipo: 747, rating: 0.52387127558212
equipo: 882, rating: 0.52394839293086
equipo: 710, rating: 0.5239930070601
equipo: 90, rating: 0.52409778894365
equipo: 244, rating: 0.52426699533652
equipo: 736, rating: 0.52430177927312
equipo: 421, rating: 0.5244687650392
equipo: 323, rating: 0.52456940187189
equipo: 991, rating: 0.52462160444984
equipo: 49, rating: 0.52465530314287
equipo: 351, rating: 0.52488404147783
equipo: 963, rating: 0.5248922429311
equipo: 970, rating: 0.52496343873392
equipo: 173, rating: 0.5250829908335
equipo: 775, rating: 0.52529221902918
equipo: 442, rating: 0.52536698527658
equipo: 997, rating: 0.52545261970023
equipo: 376, rating: 0.52553327774137
equipo: 219, rating: 0.52559950082957
equipo: 758, rating: 0.52560526788332
equipo: 587, rating: 0.52572455475509
equipo: 749, rating: 0.52573397206301
equipo: 146, rating: 0.5257384312288
equipo: 654, rating: 0.52589844988236
equipo: 407, rating: 0.52604575764241
equipo: 135, rating: 0.52608934875484
equipo: 923, rating: 0.52612436980718
equipo: 725, rating: 0.52618746750544
equipo: 520, rating: 0.52629202533106
equipo: 635, rating: 0.5265255285307
equipo: 603, rating: 0.52671157353383
equipo: 893, rating: 0.5267260013455
equipo: 289, rating: 0.52708290121293
equipo: 607, rating: 0.52711802714263
equipo: 435, rating: 0.52712941792647
equipo: 631, rating: 0.52729280856134
equipo: 139, rating: 0.52735858528548
equipo: 762, rating: 0.52749422662259
equipo: 195, rating: 0.52760094107539
equipo: 629, rating: 0.52775325103836
equipo: 782, rating: 0.52787781109202
equipo: 216, rating: 0.52808452207009
equipo: 992, rating: 0.52809675434727
equipo: 27, rating: 0.52817234489981
equipo: 514, rating: 0.52873521348106
equipo: 719, rating: 0.52876633433971
equipo: 454, rating: 0.52877702445768
equipo: 549, rating: 0.52881386985524
equipo: 866, rating: 0.52890756449971
equipo: 475, rating: 0.5290044380065
equipo: 69, rating: 0.52945413997798
equipo: 783, rating: 0.52955806865276
equipo: 314, rating: 0.52957806755289
equipo: 447, rating: 0.52999199672444
equipo: 230, rating: 0.53006961814012
equipo: 2, rating: 0.53018672663788
equipo: 222, rating: 0.53038153901761
equipo: 425, rating: 0.53040965096705
equipo: 656, rating: 0.53062314882257
equipo: 267, rating: 0.53064526073977
equipo: 569, rating: 0.53090401728454
equipo: 944, rating: 0.53092808060738
equipo: 130, rating: 0.53096001828952
equipo: 994, rating: 0.5316391045289
equipo: 617, rating: 0.53182837526168
equipo: 768, rating: 0.53198649942321
equipo: 852, rating: 0.53313325924945
equipo: 276, rating: 0.53330833412673
equipo: 319, rating: 0.5333403143425
equipo: 287, rating: 0.53359962538346
equipo: 55, rating: 0.53365621075076
equipo: 615, rating: 0.53416137802298
equipo: 563, rating: 0.53439713513409
equipo: 283, rating: 0.53476081854282
equipo: 293, rating: 0.53489316671559
equipo: 245, rating: 0.53567120689909
equipo: 15, rating: 0.53655458371274
equipo: 387, rating: 0.53656778002807
equipo: 455, rating: 0.53736563340604
equipo: 32, rating: 0.53793988312007
equipo: 403, rating: 0.53869776667354
equipo: 518, rating: 0.54053648157299
equipo: 517, rating: 0.54074348191003
equipo: 986, rating: 0.54326548611974
equipo: 926, rating: 0.54370303984158
equipo: 64, rating: 0.54406683456383
equipo: 360, rating: 0.54533614007615
equipo: 774, rating: 0.54629480647101
equipo: 87, rating: 0.54649407299233
equipo: 202, rating: 0.54730567242472
equipo: 818, rating: 0.5477650143491
