equipo: 408, rating: 0.43902052075776
equipo: 227, rating: 0.44372466028473
equipo: 511, rating: 0.44618536459847
equipo: 118, rating: 0.44654707487132
equipo: 888, rating: 0.45159095542621
equipo: 60, rating: 0.45314301595091
equipo: 404, rating: 0.45328153070061
equipo: 937, rating: 0.4544298448808
equipo: 534, rating: 0.45455213582169
equipo: 913, rating: 0.45494983210397
equipo: 329, rating: 0.45532842358834
equipo: 894, rating: 0.45582802525691
equipo: 495, rating: 0.45669717076072
equipo: 652, rating: 0.4570300827711
equipo: 290, rating: 0.457091601598
equipo: 455, rating: 0.45777858945069
equipo: 686, rating: 0.45906404146489
equipo: 592, rating: 0.46022493534474
equipo: 484, rating: 0.4605246183695
equipo: 339, rating: 0.46087587843508
equipo: 155, rating: 0.46158068532521
equipo: 254, rating: 0.46225781539597
equipo: 291, rating: 0.46299974975149
equipo: 714, rating: 0.46359868933715
equipo: 325, rating: 0.46382571456849
equipo: 964, rating: 0.46414424925523
equipo: 181, rating: 0.46440386348421
equipo: 360, rating: 0.4645066262567
equipo: 93, rating: 0.46460247349408
equipo: 992, rating: 0.46471514486953
equipo: 244, rating: 0.46473501502721
equipo: 342, rating: 0.46497049574674
equipo: 193, rating: 0.46497212313553
equipo: 411, rating: 0.46499124074976
equipo: 620, rating: 0.46502886379444
equipo: 229, rating: 0.46556074533741
equipo: 186, rating: 0.4658735549219
equipo: 727, rating: 0.46598612430507
equipo: 323, rating: 0.46606657237366
equipo: 877, rating: 0.46613454968119
equipo: 147, rating: 0.46615613724398
equipo: 106, rating: 0.46628873698949
equipo: 763, rating: 0.46641352285701
equipo: 931, rating: 0.46641956994007
equipo: 479, rating: 0.46646935072972
equipo: 621, rating: 0.46717440851634
equipo: 583, rating: 0.46750375871237
equipo: 387, rating: 0.46777889150604
equipo: 33, rating: 0.46812938259556
equipo: 49, rating: 0.4685280567537
equipo: 23, rating: 0.4689055860528
equipo: 270, rating: 0.46900102460336
equipo: 300, rating: 0.4701316447458
equipo: 246, rating: 0.47018064038988
equipo: 908, rating: 0.47039177128619
equipo: 276, rating: 0.47058565184646
equipo: 394, rating: 0.47063217950092
equipo: 102, rating: 0.47089564643467
equipo: 873, rating: 0.47111222826991
equipo: 773, rating: 0.47126321145506
equipo: 312, rating: 0.47149469331029
equipo: 573, rating: 0.47184448088356
equipo: 922, rating: 0.47187328980132
equipo: 472, rating: 0.47188592809182
equipo: 94, rating: 0.47221175196742
equipo: 602, rating: 0.47225436285187
equipo: 81, rating: 0.47233385732013
equipo: 752, rating: 0.47242444297158
equipo: 488, rating: 0.4726365702154
equipo: 313, rating: 0.47266807333881
equipo: 365, rating: 0.47276363546415
equipo: 444, rating: 0.47280334461926
equipo: 140, rating: 0.47282144892175
equipo: 702, rating: 0.47282559169854
equipo: 401, rating: 0.47287282645868
equipo: 76, rating: 0.47287994461079
equipo: 637, rating: 0.47299592534107
equipo: 997, rating: 0.47313970213674
equipo: 539, rating: 0.47352939895956
equipo: 930, rating: 0.47358489225599
equipo: 26, rating: 0.47363255596761
equipo: 485, rating: 0.47378695427029
equipo: 755, rating: 0.47399960847671
equipo: 974, rating: 0.47422235825036
equipo: 515, rating: 0.47441886638828
equipo: 793, rating: 0.47448846286766
equipo: 145, rating: 0.47462218321011
equipo: 286, rating: 0.47463140033348
equipo: 380, rating: 0.47467282875365
equipo: 988, rating: 0.47477151262391
equipo: 692, rating: 0.47485286286915
equipo: 98, rating: 0.47505356975227
equipo: 183, rating: 0.47516084391626
equipo: 423, rating: 0.47532337338209
equipo: 346, rating: 0.47548649523258
equipo: 593, rating: 0.47549920283468
equipo: 27, rating: 0.47563677448824
equipo: 554, rating: 0.47565463865677
equipo: 424, rating: 0.47566338156763
equipo: 188, rating: 0.475797917227
equipo: 969, rating: 0.47587986258144
equipo: 5, rating: 0.4759417946375
equipo: 141, rating: 0.47609439315422
equipo: 205, rating: 0.47618185013583
equipo: 322, rating: 0.47627945056356
equipo: 993, rating: 0.47628773438105
equipo: 83, rating: 0.47652192555934
equipo: 824, rating: 0.47671609997709
equipo: 491, rating: 0.47671761128667
equipo: 955, rating: 0.47676571409776
equipo: 705, rating: 0.4768739694383
equipo: 467, rating: 0.47694577734349
equipo: 334, rating: 0.47698406693156
equipo: 361, rating: 0.47708270925675
equipo: 47, rating: 0.47723599081818
equipo: 940, rating: 0.47746907965817
equipo: 505, rating: 0.47763298741332
equipo: 660, rating: 0.47772936574869
equipo: 506, rating: 0.47778233116205
equipo: 715, rating: 0.47788324042413
equipo: 138, rating: 0.47800521189306
equipo: 351, rating: 0.47802571115607
equipo: 944, rating: 0.47806420670118
equipo: 105, rating: 0.4784571983723
equipo: 532, rating: 0.47845986476169
equipo: 549, rating: 0.47896606888344
equipo: 785, rating: 0.47897161526277
equipo: 108, rating: 0.47901355971856
equipo: 258, rating: 0.47915777838144
equipo: 353, rating: 0.47921019504332
equipo: 417, rating: 0.47934704435848
equipo: 296, rating: 0.47935573215421
equipo: 397, rating: 0.47938620577214
equipo: 541, rating: 0.47942082780679
equipo: 855, rating: 0.47949234467222
equipo: 15, rating: 0.47957526553433
equipo: 802, rating: 0.47971651559234
equipo: 0, rating: 0.47991269961913
equipo: 713, rating: 0.47992837375036
equipo: 169, rating: 0.47996113440331
equipo: 191, rating: 0.48000377965244
equipo: 526, rating: 0.48010258772353
equipo: 696, rating: 0.48019644333539
equipo: 335, rating: 0.48022117445702
equipo: 233, rating: 0.48024991060754
equipo: 811, rating: 0.48068938034881
equipo: 111, rating: 0.48071978674909
equipo: 984, rating: 0.48075634917023
equipo: 212, rating: 0.48086191675759
equipo: 711, rating: 0.48088041405408
equipo: 78, rating: 0.48096930856409
equipo: 65, rating: 0.48102882789457
equipo: 160, rating: 0.48111971981353
equipo: 418, rating: 0.48115557959562
equipo: 829, rating: 0.48117273214389
equipo: 131, rating: 0.48117315086048
equipo: 825, rating: 0.48117833996598
equipo: 91, rating: 0.48124805256745
equipo: 961, rating: 0.48127772443298
equipo: 657, rating: 0.48132605787875
equipo: 459, rating: 0.48139179674711
equipo: 492, rating: 0.48144405556358
equipo: 366, rating: 0.48162799559039
equipo: 761, rating: 0.48165738609808
equipo: 672, rating: 0.4816582219594
equipo: 524, rating: 0.48170178419853
equipo: 39, rating: 0.48175661081854
equipo: 718, rating: 0.48175981712864
equipo: 906, rating: 0.48179528735424
equipo: 427, rating: 0.48190871561678
equipo: 127, rating: 0.48205799850124
equipo: 216, rating: 0.48207532497613
equipo: 206, rating: 0.482101008287
equipo: 275, rating: 0.48211101514296
equipo: 949, rating: 0.48211693816033
equipo: 255, rating: 0.48219222209429
equipo: 596, rating: 0.48262776908037
equipo: 628, rating: 0.48265951171956
equipo: 849, rating: 0.48269174315419
equipo: 977, rating: 0.48273486128757
equipo: 799, rating: 0.4829138152132
equipo: 84, rating: 0.48293321768622
equipo: 580, rating: 0.48312240427974
equipo: 772, rating: 0.48321434640337
equipo: 546, rating: 0.48345901492344
equipo: 770, rating: 0.48352376406994
equipo: 618, rating: 0.4835912875688
equipo: 458, rating: 0.48360521085502
equipo: 289, rating: 0.48367928208884
equipo: 473, rating: 0.48375599468395
equipo: 263, rating: 0.48394848362493
equipo: 798, rating: 0.48395154228775
equipo: 167, rating: 0.48401312813982
equipo: 956, rating: 0.48405496266107
equipo: 316, rating: 0.48411405674978
equipo: 208, rating: 0.48423964762153
equipo: 278, rating: 0.48427364925833
equipo: 812, rating: 0.48427473148622
equipo: 986, rating: 0.48430931991849
equipo: 242, rating: 0.48447153918043
equipo: 142, rating: 0.48449468093028
equipo: 760, rating: 0.48452270384252
equipo: 350, rating: 0.48471719807036
equipo: 595, rating: 0.48473821235571
equipo: 202, rating: 0.48487127515813
equipo: 560, rating: 0.48487358596365
equipo: 545, rating: 0.48490104785201
equipo: 912, rating: 0.48491997248057
equipo: 283, rating: 0.48494777573444
equipo: 474, rating: 0.485262236871
equipo: 691, rating: 0.48537964604088
equipo: 933, rating: 0.48538205471732
equipo: 129, rating: 0.48551091784506
equipo: 683, rating: 0.48553128876029
equipo: 101, rating: 0.4855715341901
equipo: 407, rating: 0.48558973017768
equipo: 989, rating: 0.48567366543282
equipo: 378, rating: 0.48568902943834
equipo: 953, rating: 0.48583965989431
equipo: 806, rating: 0.48587658290049
equipo: 349, rating: 0.48589365949987
equipo: 166, rating: 0.48600417271111
equipo: 165, rating: 0.48604413487289
equipo: 1, rating: 0.48609353399193
equipo: 559, rating: 0.48612181792489
equipo: 857, rating: 0.48612710826973
equipo: 578, rating: 0.48622968241038
equipo: 460, rating: 0.48627224235144
equipo: 125, rating: 0.4863865712697
equipo: 89, rating: 0.48639656579626
equipo: 883, rating: 0.48641342426266
equipo: 466, rating: 0.48664741249207
equipo: 199, rating: 0.48669093390332
equipo: 787, rating: 0.48670486432393
equipo: 113, rating: 0.48677592288549
equipo: 77, rating: 0.48683384883694
equipo: 187, rating: 0.48688487444346
equipo: 616, rating: 0.48692335456076
equipo: 959, rating: 0.4870323115069
equipo: 828, rating: 0.48717707342299
equipo: 348, rating: 0.48722247656353
equipo: 641, rating: 0.48724393681083
equipo: 552, rating: 0.48751470725924
equipo: 518, rating: 0.48769982192224
equipo: 200, rating: 0.4877033844494
equipo: 967, rating: 0.48772540994703
equipo: 73, rating: 0.48774476225856
equipo: 7, rating: 0.48782556384802
equipo: 749, rating: 0.48784750544048
equipo: 630, rating: 0.48786404115651
equipo: 664, rating: 0.48786719254062
equipo: 234, rating: 0.48788020425218
equipo: 436, rating: 0.4879060044698
equipo: 74, rating: 0.48796292775252
equipo: 605, rating: 0.48796654688242
equipo: 383, rating: 0.48801828672706
equipo: 43, rating: 0.48805800925178
equipo: 632, rating: 0.48811752152208
equipo: 110, rating: 0.48812151752567
equipo: 499, rating: 0.48823170546477
equipo: 259, rating: 0.4883626785564
equipo: 679, rating: 0.48845523513369
equipo: 487, rating: 0.48846802704874
equipo: 948, rating: 0.48857831731809
equipo: 439, rating: 0.48859944297013
equipo: 20, rating: 0.48867245176604
equipo: 293, rating: 0.48882397623174
equipo: 391, rating: 0.48887117770164
equipo: 588, rating: 0.48895139812635
equipo: 414, rating: 0.48899811484833
equipo: 853, rating: 0.4890076074708
equipo: 421, rating: 0.48901698481543
equipo: 66, rating: 0.48908206569925
equipo: 816, rating: 0.48912690607342
equipo: 613, rating: 0.48915285506291
equipo: 675, rating: 0.48915855918983
equipo: 677, rating: 0.48921582893756
equipo: 288, rating: 0.48924003365494
equipo: 533, rating: 0.48925538565529
equipo: 626, rating: 0.48932546894313
equipo: 523, rating: 0.4894027915834
equipo: 314, rating: 0.48941740117753
equipo: 557, rating: 0.48949346241196
equipo: 599, rating: 0.48954318239015
equipo: 364, rating: 0.48954707451069
equipo: 225, rating: 0.48955756672291
equipo: 891, rating: 0.48961569685954
equipo: 344, rating: 0.48961707131484
equipo: 985, rating: 0.4897580855097
equipo: 399, rating: 0.48977022658737
equipo: 384, rating: 0.48983985215853
equipo: 813, rating: 0.48988669326376
equipo: 4, rating: 0.49006313917093
equipo: 815, rating: 0.49007426140005
equipo: 24, rating: 0.49008100449585
equipo: 542, rating: 0.49014003220268
equipo: 448, rating: 0.49032173688695
equipo: 564, rating: 0.49033169961971
equipo: 757, rating: 0.49035473327106
equipo: 273, rating: 0.49036229320705
equipo: 728, rating: 0.49037163772943
equipo: 437, rating: 0.49051364795954
equipo: 307, rating: 0.49057354047681
equipo: 310, rating: 0.49057608995418
equipo: 576, rating: 0.49069129653499
equipo: 504, rating: 0.49073867373409
equipo: 970, rating: 0.49094677915845
equipo: 122, rating: 0.49095175052047
equipo: 336, rating: 0.49097816599501
equipo: 510, rating: 0.49100479262833
equipo: 814, rating: 0.49101451940947
equipo: 115, rating: 0.49103327477326
equipo: 116, rating: 0.49107430493736
equipo: 570, rating: 0.49114370571654
equipo: 636, rating: 0.49121553922233
equipo: 55, rating: 0.49122454134476
equipo: 295, rating: 0.49133017326816
equipo: 920, rating: 0.4913943983833
equipo: 553, rating: 0.49148892814904
equipo: 876, rating: 0.49149162134154
equipo: 425, rating: 0.4915087685595
equipo: 146, rating: 0.49151727037522
equipo: 468, rating: 0.49154313431501
equipo: 279, rating: 0.49158123867406
equipo: 871, rating: 0.49158253636836
equipo: 328, rating: 0.49159112524343
equipo: 22, rating: 0.49166230552926
equipo: 247, rating: 0.49166491586521
equipo: 461, rating: 0.49169506832453
equipo: 345, rating: 0.49171862154272
equipo: 645, rating: 0.49180437931215
equipo: 607, rating: 0.49181719041251
equipo: 9, rating: 0.49200088188347
equipo: 843, rating: 0.49221538066081
equipo: 192, rating: 0.49231111206502
equipo: 830, rating: 0.49231981855851
equipo: 581, rating: 0.49239901288052
equipo: 663, rating: 0.4924368711651
equipo: 682, rating: 0.49251204621332
equipo: 429, rating: 0.49270807651666
equipo: 671, rating: 0.49271187493289
equipo: 253, rating: 0.49272086184575
equipo: 412, rating: 0.49279789558903
equipo: 431, rating: 0.49288713300901
equipo: 525, rating: 0.49289079394289
equipo: 419, rating: 0.49290961174158
equipo: 885, rating: 0.49292541806152
equipo: 597, rating: 0.49298708861751
equipo: 907, rating: 0.49306902713582
equipo: 796, rating: 0.49311998345888
equipo: 875, rating: 0.49314753310981
equipo: 332, rating: 0.49318766203619
equipo: 451, rating: 0.49327845304114
equipo: 178, rating: 0.49328308381045
equipo: 717, rating: 0.49335032844937
equipo: 231, rating: 0.49357463524078
equipo: 218, rating: 0.49363666589777
equipo: 385, rating: 0.49375098957211
equipo: 674, rating: 0.49376429251757
equipo: 870, rating: 0.49386272717206
equipo: 44, rating: 0.49390094796273
equipo: 600, rating: 0.49395390833672
equipo: 991, rating: 0.49398219787766
equipo: 170, rating: 0.49410869694433
equipo: 625, rating: 0.4941748893288
equipo: 219, rating: 0.49423403146523
equipo: 565, rating: 0.49435089381627
equipo: 337, rating: 0.4943708080356
equipo: 249, rating: 0.4943944469984
equipo: 52, rating: 0.49442908914422
equipo: 168, rating: 0.49446952709852
equipo: 769, rating: 0.49456102639495
equipo: 747, rating: 0.4945687770144
equipo: 281, rating: 0.4946038453075
equipo: 522, rating: 0.49460830276373
equipo: 733, rating: 0.49463549809442
equipo: 890, rating: 0.49464732216093
equipo: 860, rating: 0.49465056671287
equipo: 12, rating: 0.49468666595585
equipo: 97, rating: 0.49478901353349
equipo: 355, rating: 0.49482306002923
equipo: 543, rating: 0.49482633779917
equipo: 818, rating: 0.49487335213439
equipo: 771, rating: 0.49490101381672
equipo: 104, rating: 0.4949342686097
equipo: 189, rating: 0.4949473457987
equipo: 179, rating: 0.49496253090328
equipo: 744, rating: 0.49504579951026
equipo: 869, rating: 0.49505203809405
equipo: 838, rating: 0.49518042994144
equipo: 18, rating: 0.49522222872536
equipo: 304, rating: 0.49525474786952
equipo: 606, rating: 0.49531335510208
equipo: 777, rating: 0.49538453746853
equipo: 171, rating: 0.49542098629893
equipo: 706, rating: 0.49545217278324
equipo: 71, rating: 0.49546291472712
equipo: 38, rating: 0.49547140214727
equipo: 617, rating: 0.49547530894946
equipo: 795, rating: 0.49550009411681
equipo: 750, rating: 0.4955060299416
equipo: 211, rating: 0.49553043950458
equipo: 174, rating: 0.49553299684062
equipo: 957, rating: 0.49554631127755
equipo: 851, rating: 0.4956177844409
equipo: 642, rating: 0.49563844091005
equipo: 372, rating: 0.49569226611145
equipo: 343, rating: 0.49589807888566
equipo: 562, rating: 0.49592559151599
equipo: 406, rating: 0.49593629052882
equipo: 639, rating: 0.49594728262307
equipo: 359, rating: 0.49602353325442
equipo: 810, rating: 0.49603230991057
equipo: 99, rating: 0.49603284672554
equipo: 107, rating: 0.49613375712343
equipo: 878, rating: 0.49619734288339
equipo: 563, rating: 0.49629468560621
equipo: 381, rating: 0.49634376147055
equipo: 644, rating: 0.49634544849492
equipo: 239, rating: 0.49637659234963
equipo: 51, rating: 0.4964140885769
equipo: 805, rating: 0.49650895148553
equipo: 133, rating: 0.4966028660869
equipo: 494, rating: 0.49660617788161
equipo: 157, rating: 0.4967750666481
equipo: 465, rating: 0.49679089508828
equipo: 236, rating: 0.49684514662103
equipo: 514, rating: 0.49686788456785
equipo: 751, rating: 0.49689795808818
equipo: 220, rating: 0.49706176586222
equipo: 498, rating: 0.49713496144112
equipo: 370, rating: 0.49717296587602
equipo: 264, rating: 0.49718881818037
equipo: 503, rating: 0.4972499075056
equipo: 34, rating: 0.49737979764912
equipo: 958, rating: 0.49746710885456
equipo: 72, rating: 0.49747507595625
equipo: 516, rating: 0.49752564659573
equipo: 834, rating: 0.49755242413152
equipo: 454, rating: 0.49759973988194
equipo: 68, rating: 0.4976083714223
equipo: 910, rating: 0.49769078630515
equipo: 928, rating: 0.49774019390734
equipo: 478, rating: 0.49784604350421
equipo: 887, rating: 0.49787621313866
equipo: 42, rating: 0.49795396140758
equipo: 135, rating: 0.49795431771912
equipo: 262, rating: 0.49800370360513
equipo: 305, rating: 0.49801159074968
equipo: 393, rating: 0.49803913405857
equipo: 745, rating: 0.49805491994882
equipo: 927, rating: 0.49815765970917
equipo: 987, rating: 0.49819728396128
equipo: 318, rating: 0.49823686322113
equipo: 994, rating: 0.49827923332106
equipo: 70, rating: 0.49831528750893
equipo: 386, rating: 0.49839896845522
equipo: 132, rating: 0.49843809900012
equipo: 723, rating: 0.498462434302
equipo: 981, rating: 0.49853679143156
equipo: 509, rating: 0.49858377934449
equipo: 82, rating: 0.49862288288175
equipo: 781, rating: 0.49864780253741
equipo: 260, rating: 0.4986480524035
equipo: 893, rating: 0.49870673367889
equipo: 434, rating: 0.49885461715155
equipo: 925, rating: 0.49889816283463
equipo: 513, rating: 0.49893653656844
equipo: 92, rating: 0.49894388006604
equipo: 75, rating: 0.49897526519348
equipo: 450, rating: 0.49910496795401
equipo: 561, rating: 0.49914789087258
equipo: 598, rating: 0.49920850349748
equipo: 998, rating: 0.4992567708274
equipo: 831, rating: 0.49932155176441
equipo: 548, rating: 0.49932454261946
equipo: 161, rating: 0.49934783963911
equipo: 520, rating: 0.49935709198411
equipo: 673, rating: 0.49936834229778
equipo: 150, rating: 0.49938800093344
equipo: 464, rating: 0.49940129366838
equipo: 693, rating: 0.49940444653997
equipo: 732, rating: 0.49947910455811
equipo: 669, rating: 0.49962226530142
equipo: 519, rating: 0.49963441990104
equipo: 651, rating: 0.49969636363663
equipo: 726, rating: 0.49969734997635
equipo: 936, rating: 0.49971504417343
equipo: 623, rating: 0.4997510955484
equipo: 228, rating: 0.4997524242541
equipo: 827, rating: 0.49991111999689
equipo: 850, rating: 0.49992726192075
equipo: 858, rating: 0.49996836201917
equipo: 176, rating: 0.50003177701748
equipo: 201, rating: 0.50004891268645
equipo: 324, rating: 0.50029787626013
equipo: 601, rating: 0.50040546033337
equipo: 389, rating: 0.50051432386265
equipo: 681, rating: 0.50053588816464
equipo: 649, rating: 0.50055519103044
equipo: 13, rating: 0.50058866135702
equipo: 175, rating: 0.50068073075246
equipo: 786, rating: 0.500730007403
equipo: 217, rating: 0.50073110790644
equipo: 568, rating: 0.50075326041973
equipo: 56, rating: 0.50076448046368
equipo: 709, rating: 0.50080560148734
equipo: 904, rating: 0.50081082390717
equipo: 303, rating: 0.50083489345323
equipo: 100, rating: 0.50086896963089
equipo: 968, rating: 0.50089620943073
equipo: 680, rating: 0.50097448301345
equipo: 311, rating: 0.50110399386093
equipo: 245, rating: 0.50117910102318
equipo: 842, rating: 0.50120211835207
equipo: 923, rating: 0.50125375380441
equipo: 924, rating: 0.50132104806757
equipo: 832, rating: 0.50137765206368
equipo: 59, rating: 0.50139008692427
equipo: 373, rating: 0.50149143420184
equipo: 180, rating: 0.50150963803971
equipo: 25, rating: 0.50151487689267
equipo: 388, rating: 0.50151688079512
equipo: 975, rating: 0.50152219076884
equipo: 550, rating: 0.50157083886979
equipo: 590, rating: 0.50166434592588
equipo: 895, rating: 0.50182242100208
equipo: 392, rating: 0.50182612929582
equipo: 689, rating: 0.50184361156435
equipo: 631, rating: 0.50184811170787
equipo: 266, rating: 0.50185143332235
equipo: 721, rating: 0.50185973398258
equipo: 603, rating: 0.50186440581835
equipo: 19, rating: 0.50204412722186
equipo: 277, rating: 0.50205508924725
equipo: 352, rating: 0.50210587615989
equipo: 943, rating: 0.50227960935016
equipo: 886, rating: 0.50244162955192
equipo: 354, rating: 0.50246776942122
equipo: 662, rating: 0.50249645180672
equipo: 195, rating: 0.50251609198854
equipo: 719, rating: 0.50254651526285
equipo: 759, rating: 0.5025755621457
equipo: 807, rating: 0.50268416667053
equipo: 223, rating: 0.50272662855354
equipo: 462, rating: 0.50283603071955
equipo: 481, rating: 0.50286366573787
equipo: 699, rating: 0.50286853662045
equipo: 730, rating: 0.50289198069409
equipo: 251, rating: 0.50295285836137
equipo: 932, rating: 0.50297110467207
equipo: 537, rating: 0.50304523763344
equipo: 820, rating: 0.50313021086132
equipo: 422, rating: 0.50320817916131
equipo: 865, rating: 0.50324688939882
equipo: 735, rating: 0.50330271873809
equipo: 667, rating: 0.50330304222332
equipo: 668, rating: 0.50332932751055
equipo: 638, rating: 0.50333254619102
equipo: 788, rating: 0.50345442199751
equipo: 867, rating: 0.50346837833089
equipo: 80, rating: 0.50350033165714
equipo: 701, rating: 0.50377148177407
equipo: 656, rating: 0.50380545894932
equipo: 999, rating: 0.50381878488962
equipo: 738, rating: 0.50383813757611
equipo: 139, rating: 0.50393005842113
equipo: 954, rating: 0.50399159474472
equipo: 28, rating: 0.50412703839957
equipo: 635, rating: 0.50437107413091
equipo: 21, rating: 0.50437570931496
equipo: 697, rating: 0.5043823600397
equipo: 213, rating: 0.504399559014
equipo: 661, rating: 0.50441433451613
equipo: 575, rating: 0.50442029738655
equipo: 489, rating: 0.50442581426145
equipo: 367, rating: 0.5044482396908
equipo: 128, rating: 0.50445493540558
equipo: 846, rating: 0.50445817567193
equipo: 780, rating: 0.50447977198903
equipo: 790, rating: 0.50451727674769
equipo: 241, rating: 0.50453174097627
equipo: 634, rating: 0.50458446596632
equipo: 942, rating: 0.50461489283034
equipo: 235, rating: 0.5046276267835
equipo: 859, rating: 0.5046521553228
equipo: 826, rating: 0.50466020311502
equipo: 659, rating: 0.50473872218919
equipo: 261, rating: 0.50475486860202
equipo: 694, rating: 0.50476553478078
equipo: 453, rating: 0.50480763162902
equipo: 608, rating: 0.50488631884851
equipo: 703, rating: 0.50502570213081
equipo: 207, rating: 0.50509089672469
equipo: 61, rating: 0.50509510119717
equipo: 430, rating: 0.50516596907562
equipo: 415, rating: 0.50517101466606
equipo: 569, rating: 0.50517503242027
equipo: 879, rating: 0.50529661269968
equipo: 109, rating: 0.50532005569584
equipo: 315, rating: 0.5053828263172
equipo: 321, rating: 0.50538641766071
equipo: 594, rating: 0.50541141849616
equipo: 921, rating: 0.50541742013266
equipo: 899, rating: 0.50552142980983
equipo: 778, rating: 0.50554964122142
equipo: 435, rating: 0.50558431434181
equipo: 938, rating: 0.50563194710783
equipo: 441, rating: 0.5056642448268
equipo: 63, rating: 0.50569866961431
equipo: 90, rating: 0.50571639357425
equipo: 475, rating: 0.50572936879049
equipo: 784, rating: 0.50585449474003
equipo: 209, rating: 0.50587765738622
equipo: 469, rating: 0.50588391760578
equipo: 57, rating: 0.50614128907962
equipo: 221, rating: 0.50616603112989
equipo: 836, rating: 0.50619014721072
equipo: 226, rating: 0.50620408445716
equipo: 103, rating: 0.50622082256159
equipo: 198, rating: 0.50622999888853
equipo: 340, rating: 0.506301911263
equipo: 88, rating: 0.50639510481717
equipo: 428, rating: 0.50641290755855
equipo: 909, rating: 0.50644071424047
equipo: 852, rating: 0.50647353607627
equipo: 232, rating: 0.50665027692489
equipo: 149, rating: 0.50687231535813
equipo: 712, rating: 0.5068724535918
equipo: 665, rating: 0.50689046186984
equipo: 442, rating: 0.5069175847826
equipo: 754, rating: 0.50692447470261
equipo: 136, rating: 0.50692674089753
equipo: 292, rating: 0.50700277291515
equipo: 210, rating: 0.50704655104672
equipo: 58, rating: 0.50705375248749
equipo: 685, rating: 0.50706734500729
equipo: 382, rating: 0.50710478608364
equipo: 708, rating: 0.50716743889969
equipo: 571, rating: 0.50717954126092
equipo: 741, rating: 0.50720131577787
equipo: 647, rating: 0.50725370402376
equipo: 403, rating: 0.5072553044277
equipo: 379, rating: 0.50728386080572
equipo: 720, rating: 0.50737675713438
equipo: 297, rating: 0.50744482734144
equipo: 670, rating: 0.50757376798587
equipo: 215, rating: 0.50757681239676
equipo: 173, rating: 0.50760390153841
equipo: 476, rating: 0.50761028043754
equipo: 274, rating: 0.50762351231464
equipo: 32, rating: 0.50763475609089
equipo: 742, rating: 0.50769093361097
equipo: 96, rating: 0.50771300255391
equipo: 839, rating: 0.50771909687973
equipo: 841, rating: 0.50786096952745
equipo: 868, rating: 0.50794106915697
equipo: 861, rating: 0.50804543678309
equipo: 54, rating: 0.50808397764163
equipo: 433, rating: 0.50812518256412
equipo: 250, rating: 0.50822264695895
equipo: 134, rating: 0.50824705698339
equipo: 121, rating: 0.50828277908962
equipo: 884, rating: 0.50829644923807
equipo: 36, rating: 0.50839732350308
equipo: 376, rating: 0.50843852319976
equipo: 898, rating: 0.5084398984044
equipo: 963, rating: 0.50849898885929
equipo: 17, rating: 0.50858492291477
equipo: 194, rating: 0.50859473574363
equipo: 979, rating: 0.50871293184021
equipo: 204, rating: 0.50881358398468
equipo: 700, rating: 0.50888342457534
equipo: 31, rating: 0.50889963559289
equipo: 945, rating: 0.50896488296938
equipo: 684, rating: 0.50896873190964
equipo: 775, rating: 0.50922052279866
equipo: 746, rating: 0.50925582227476
equipo: 112, rating: 0.50938917560608
equipo: 402, rating: 0.50944294569505
equipo: 158, rating: 0.5094652051172
equipo: 438, rating: 0.50949849996068
equipo: 892, rating: 0.50954624229287
equipo: 643, rating: 0.50954818338298
equipo: 162, rating: 0.50987029639996
equipo: 614, rating: 0.50989294894872
equipo: 946, rating: 0.50993658853125
equipo: 990, rating: 0.50997939296778
equipo: 64, rating: 0.51016533419353
equipo: 508, rating: 0.51022955174924
equipo: 452, rating: 0.51028248380934
equipo: 863, rating: 0.51030995181635
equipo: 390, rating: 0.51031950611099
equipo: 862, rating: 0.51033812069725
equipo: 143, rating: 0.5103398195465
equipo: 529, rating: 0.51039972729549
equipo: 941, rating: 0.51044146018901
equipo: 848, rating: 0.51046791979561
equipo: 420, rating: 0.51046960983529
equipo: 704, rating: 0.51047819291804
equipo: 48, rating: 0.51048639468688
equipo: 463, rating: 0.51053643359856
equipo: 902, rating: 0.51054037528955
equipo: 530, rating: 0.51055081217116
equipo: 517, rating: 0.51055591160816
equipo: 676, rating: 0.51055768530147
equipo: 123, rating: 0.51061226185114
equipo: 46, rating: 0.51069521853361
equipo: 678, rating: 0.51070471161243
equipo: 558, rating: 0.51070649187055
equipo: 153, rating: 0.51074831607588
equipo: 547, rating: 0.51079056514791
equipo: 586, rating: 0.51080265273371
equipo: 120, rating: 0.51096642206939
equipo: 903, rating: 0.51097363195516
equipo: 650, rating: 0.51105502383282
equipo: 338, rating: 0.5110692257876
equipo: 856, rating: 0.51125489520581
equipo: 119, rating: 0.5112820371155
equipo: 413, rating: 0.51138431635338
equipo: 687, rating: 0.51138738793983
equipo: 449, rating: 0.51162727381198
equipo: 982, rating: 0.51168334610012
equipo: 880, rating: 0.51170639555028
equipo: 294, rating: 0.51176194709556
equipo: 326, rating: 0.51177037259747
equipo: 395, rating: 0.51177405783295
equipo: 753, rating: 0.51185729996299
equipo: 184, rating: 0.51186339851233
equipo: 238, rating: 0.51186541961662
equipo: 308, rating: 0.51189013153684
equipo: 983, rating: 0.51193238638496
equipo: 483, rating: 0.51195110495484
equipo: 740, rating: 0.51201143192034
equipo: 531, rating: 0.51203387746569
equipo: 265, rating: 0.51206102040607
equipo: 881, rating: 0.5121264539978
equipo: 45, rating: 0.51212946572058
equipo: 496, rating: 0.51225018993207
equipo: 767, rating: 0.51225159082665
equipo: 962, rating: 0.51251727997803
equipo: 591, rating: 0.51253015498434
equipo: 368, rating: 0.512538354664
equipo: 905, rating: 0.51258114181318
equipo: 756, rating: 0.51271543335281
equipo: 333, rating: 0.51274771193289
equipo: 445, rating: 0.51276335845727
equipo: 918, rating: 0.51278864244097
equipo: 919, rating: 0.51284619836619
equipo: 470, rating: 0.51292342869947
equipo: 804, rating: 0.51292904868957
equipo: 477, rating: 0.51293847996206
equipo: 896, rating: 0.51295760596093
equipo: 117, rating: 0.51295944934406
equipo: 901, rating: 0.51301355882854
equipo: 280, rating: 0.51307061954408
equipo: 501, rating: 0.51307737800357
equipo: 10, rating: 0.51311108966489
equipo: 688, rating: 0.5131312649503
equipo: 619, rating: 0.51316149799033
equipo: 803, rating: 0.51322341441412
equipo: 582, rating: 0.51331269591528
equipo: 67, rating: 0.51344205485843
equipo: 792, rating: 0.51344812555289
equipo: 163, rating: 0.51345710541437
equipo: 589, rating: 0.51354808212257
equipo: 978, rating: 0.51362615230366
equipo: 203, rating: 0.51369677954998
equipo: 285, rating: 0.51383855331332
equipo: 840, rating: 0.51386616269332
equipo: 240, rating: 0.51393069861107
equipo: 695, rating: 0.51394867903375
equipo: 369, rating: 0.51396031656579
equipo: 35, rating: 0.51403774885377
equipo: 287, rating: 0.51418632976229
equipo: 500, rating: 0.51418668780962
equipo: 447, rating: 0.51425100306787
equipo: 6, rating: 0.5143283948967
equipo: 724, rating: 0.51433729317071
equipo: 86, rating: 0.51439839772492
equipo: 50, rating: 0.51440833657851
equipo: 939, rating: 0.51449554918637
equipo: 282, rating: 0.51452700201767
equipo: 743, rating: 0.51456615949304
equipo: 331, rating: 0.5146320732285
equipo: 357, rating: 0.51469025595274
equipo: 574, rating: 0.51477406968433
equipo: 934, rating: 0.51482424021696
equipo: 900, rating: 0.51491262829007
equipo: 243, rating: 0.51499376762541
equipo: 911, rating: 0.51499695396429
equipo: 269, rating: 0.51511293402676
equipo: 764, rating: 0.51520709191878
equipo: 330, rating: 0.51532938571207
equipo: 319, rating: 0.51536499562706
equipo: 309, rating: 0.51543277781218
equipo: 11, rating: 0.51557896450466
equipo: 555, rating: 0.51558205297259
equipo: 653, rating: 0.51563437903707
equipo: 915, rating: 0.51566520622269
equipo: 148, rating: 0.51584347321032
equipo: 196, rating: 0.51590472907324
equipo: 497, rating: 0.51596405632884
equipo: 37, rating: 0.51600839303315
equipo: 837, rating: 0.51603011232539
equipo: 347, rating: 0.51613786856448
equipo: 248, rating: 0.51613838826477
equipo: 87, rating: 0.51614351175253
equipo: 585, rating: 0.51619243440119
equipo: 566, rating: 0.51624573080783
equipo: 426, rating: 0.51627232136452
equipo: 844, rating: 0.51628901988816
equipo: 301, rating: 0.51644013937528
equipo: 633, rating: 0.51656256863001
equipo: 567, rating: 0.5166027432791
equipo: 646, rating: 0.51663190294441
equipo: 737, rating: 0.5168999381798
equipo: 897, rating: 0.51698867332261
equipo: 164, rating: 0.51701481091279
equipo: 252, rating: 0.51702489981185
equipo: 622, rating: 0.51704883053844
equipo: 725, rating: 0.5172254506101
equipo: 612, rating: 0.51728141162602
equipo: 374, rating: 0.51739959767316
equipo: 551, rating: 0.51744574533027
equipo: 299, rating: 0.51749453329205
equipo: 182, rating: 0.5175301545655
equipo: 960, rating: 0.51756098247312
equipo: 996, rating: 0.51766591331068
equipo: 776, rating: 0.51767593872047
equipo: 512, rating: 0.51770997732926
equipo: 615, rating: 0.51781329656284
equipo: 710, rating: 0.51782630582658
equipo: 783, rating: 0.51786196569683
equipo: 779, rating: 0.51788129829357
equipo: 409, rating: 0.51788745081296
equipo: 965, rating: 0.51789927556636
equipo: 808, rating: 0.51790495543939
equipo: 256, rating: 0.51798292729277
equipo: 874, rating: 0.51818076268857
equipo: 655, rating: 0.51825229576877
equipo: 268, rating: 0.51828624654306
equipo: 40, rating: 0.51842891358771
equipo: 707, rating: 0.51844393772851
equipo: 41, rating: 0.51853759872607
equipo: 809, rating: 0.51863360323946
equipo: 765, rating: 0.51865136567019
equipo: 609, rating: 0.51865263930506
equipo: 748, rating: 0.51867994208861
equipo: 320, rating: 0.51871038300912
equipo: 690, rating: 0.51871902190401
equipo: 833, rating: 0.51887844310712
equipo: 544, rating: 0.51897452591788
equipo: 716, rating: 0.5191009720117
equipo: 734, rating: 0.51912475703324
equipo: 144, rating: 0.51917694996455
equipo: 124, rating: 0.51924624999052
equipo: 782, rating: 0.51926142406722
equipo: 2, rating: 0.5192887113714
equipo: 821, rating: 0.51934751865634
equipo: 271, rating: 0.51950870710357
equipo: 976, rating: 0.5195748998133
equipo: 14, rating: 0.51964827354756
equipo: 214, rating: 0.51972101167802
equipo: 130, rating: 0.51980097801297
equipo: 817, rating: 0.51993006872959
equipo: 440, rating: 0.52003550297824
equipo: 822, rating: 0.52004371648565
equipo: 8, rating: 0.52006339516293
equipo: 950, rating: 0.52006356893197
equipo: 577, rating: 0.52009343604872
equipo: 156, rating: 0.52013670800085
equipo: 947, rating: 0.52019778440932
equipo: 916, rating: 0.52033778548857
equipo: 791, rating: 0.52038067872236
equipo: 584, rating: 0.5204664179397
equipo: 371, rating: 0.52057049576659
equipo: 973, rating: 0.5205963122387
equipo: 823, rating: 0.52070106151777
equipo: 866, rating: 0.5208038133658
equipo: 159, rating: 0.5209646224283
equipo: 648, rating: 0.52103894124352
equipo: 980, rating: 0.52145641378425
equipo: 432, rating: 0.52155384380958
equipo: 854, rating: 0.52167015334002
equipo: 298, rating: 0.52196046515535
equipo: 306, rating: 0.5222430054062
equipo: 486, rating: 0.52232597622135
equipo: 493, rating: 0.52237081719383
equipo: 95, rating: 0.52240670422809
equipo: 185, rating: 0.52252011183671
equipo: 768, rating: 0.52254253038834
equipo: 502, rating: 0.522595729092
equipo: 327, rating: 0.52294631219551
equipo: 540, rating: 0.52295720526446
equipo: 457, rating: 0.52303647504275
equipo: 490, rating: 0.52307459888677
equipo: 610, rating: 0.52307578440784
equipo: 929, rating: 0.52311009555253
equipo: 774, rating: 0.52311653064688
equipo: 611, rating: 0.52319160345853
equipo: 62, rating: 0.52321927126115
equipo: 197, rating: 0.52330628692535
equipo: 572, rating: 0.52340134682793
equipo: 847, rating: 0.52344936825773
equipo: 398, rating: 0.52345163786701
equipo: 53, rating: 0.52355470035202
equipo: 396, rating: 0.52360240852471
equipo: 16, rating: 0.52375784571468
equipo: 658, rating: 0.52392721224776
equipo: 29, rating: 0.52419239885807
equipo: 797, rating: 0.52422785258005
equipo: 521, rating: 0.52439726996681
equipo: 3, rating: 0.5245593304235
equipo: 800, rating: 0.52456471232782
equipo: 917, rating: 0.5250146683216
equipo: 267, rating: 0.5252547403658
equipo: 736, rating: 0.52526330186515
equipo: 972, rating: 0.52530296467757
equipo: 471, rating: 0.52542035801403
equipo: 317, rating: 0.52550283790944
equipo: 237, rating: 0.52553709498375
equipo: 224, rating: 0.52558212147647
equipo: 926, rating: 0.52592829682253
equipo: 446, rating: 0.52597380068736
equipo: 405, rating: 0.52597726213563
equipo: 356, rating: 0.52599543314963
equipo: 272, rating: 0.52610588818835
equipo: 971, rating: 0.52612563124591
equipo: 152, rating: 0.52613083811464
equipo: 528, rating: 0.52638880318599
equipo: 666, rating: 0.52674143176884
equipo: 640, rating: 0.52695856281295
equipo: 154, rating: 0.52717888441894
equipo: 535, rating: 0.52727374289598
equipo: 995, rating: 0.52751634285377
equipo: 375, rating: 0.52755507655799
equipo: 789, rating: 0.52757838292186
equipo: 443, rating: 0.52790516772467
equipo: 363, rating: 0.5281260215669
equipo: 480, rating: 0.52818754775402
equipo: 377, rating: 0.52831845082855
equipo: 766, rating: 0.52832406822094
equipo: 527, rating: 0.52838410840681
equipo: 914, rating: 0.52852897304504
equipo: 341, rating: 0.52889635948525
equipo: 801, rating: 0.52898702586155
equipo: 482, rating: 0.52901671821246
equipo: 79, rating: 0.52907914514202
equipo: 85, rating: 0.52931353543523
equipo: 698, rating: 0.52951947050814
equipo: 729, rating: 0.52961285030601
equipo: 172, rating: 0.52982215846989
equipo: 556, rating: 0.53033987626668
equipo: 30, rating: 0.53042157810148
equipo: 819, rating: 0.53066471777519
equipo: 538, rating: 0.53066936971566
equipo: 456, rating: 0.53085343921958
equipo: 190, rating: 0.5308932484278
equipo: 257, rating: 0.53106218754875
equipo: 536, rating: 0.53122689293984
equipo: 731, rating: 0.53139711053674
equipo: 872, rating: 0.53143036533644
equipo: 126, rating: 0.53143254493289
equipo: 762, rating: 0.53215413381021
equipo: 507, rating: 0.53245483002694
equipo: 864, rating: 0.53251245370733
equipo: 410, rating: 0.53253325092167
equipo: 604, rating: 0.53256687983713
equipo: 966, rating: 0.53262858972344
equipo: 845, rating: 0.53264512148538
equipo: 416, rating: 0.53292185327394
equipo: 882, rating: 0.53305003519321
equipo: 654, rating: 0.53305457235217
equipo: 400, rating: 0.53329169022178
equipo: 835, rating: 0.53361302072288
equipo: 151, rating: 0.53377098924553
equipo: 579, rating: 0.53388186782919
equipo: 627, rating: 0.53435472976279
equipo: 951, rating: 0.53461070294112
equipo: 935, rating: 0.53499224487984
equipo: 952, rating: 0.53534984459056
equipo: 69, rating: 0.53546977966816
equipo: 284, rating: 0.53574616657591
equipo: 794, rating: 0.53734986176036
equipo: 739, rating: 0.5379472901021
equipo: 587, rating: 0.53893877095966
equipo: 722, rating: 0.540265667493
equipo: 230, rating: 0.54040380787268
equipo: 114, rating: 0.54085143426918
equipo: 302, rating: 0.54192052892084
equipo: 624, rating: 0.54245270939421
equipo: 889, rating: 0.54279199574748
equipo: 629, rating: 0.54616107314009
equipo: 758, rating: 0.54635394209516
equipo: 362, rating: 0.54729342668839
equipo: 177, rating: 0.54748256875128
equipo: 222, rating: 0.54938360918106
equipo: 358, rating: 0.54962171995287
equipo: 137, rating: 0.54982760940184
