equipo: 5, rating: 0.375
equipo: 2, rating: 0.375
equipo: 4, rating: 0.45833333333333
equipo: 6, rating: 0.45833333333333
equipo: 8, rating: 0.45833333333333
equipo: 1, rating: 0.45833333333333
equipo: 0, rating: 0.54166666666667
equipo: 3, rating: 0.54166666666667
equipo: 7, rating: 0.54166666666667
equipo: 9, rating: 0.79166666666667
