0.33412734617438716
0.2891237231630053
0.2788524044937348
0.32457458877565365
0.29424366701199756
0.25798402513179125
0.2933054991274069
0.32061263864442857
0.2847813193297174
0.445648953276049
