0.33412734617439
0.28912372316301
0.27885240449373
0.32457458877565
0.294243667012
0.25798402513179
0.29330549912741
0.32061263864443
0.28478131932972
0.44564895327605
