0.41700652528548
0.42978520935291
0.71322729744426
0.43590266449157
0.359230560087
0.64484774333877
