0.33333333333333
0.33333333333333
1
0.4
0.4
0.66666666666667
