0.3333333333333333
0.3333333333333333
1.0
0.4
0.4
0.6666666666666666
