0.3597066769587
0.61597838672327
0.66866074874566
0.31493631802393
0.50154380548051
0.53917406406793
