0.5555555555555556
0.4444444444444444
0.3333333333333333
0.5555555555555556
0.4444444444444444
0.3333333333333333
0.4444444444444444
0.5555555555555556
0.4444444444444444
0.8888888888888888
