equipo: 2, rating: 0.33333333333333
equipo: 5, rating: 0.33333333333333
equipo: 1, rating: 0.44444444444444
equipo: 4, rating: 0.44444444444444
equipo: 6, rating: 0.44444444444444
equipo: 8, rating: 0.44444444444444
equipo: 0, rating: 0.55555555555556
equipo: 3, rating: 0.55555555555556
equipo: 7, rating: 0.55555555555556
equipo: 9, rating: 0.88888888888889
