equipo: 408, rating: 0.43912087912088
equipo: 227, rating: 0.44318951886153
equipo: 511, rating: 0.44604966139955
equipo: 118, rating: 0.44675324675325
equipo: 888, rating: 0.45179498758185
equipo: 60, rating: 0.4529262086514
equipo: 404, rating: 0.45309810671256
equipo: 534, rating: 0.45422535211268
equipo: 937, rating: 0.45446527012128
equipo: 329, rating: 0.45513795350858
equipo: 894, rating: 0.45522898154477
equipo: 913, rating: 0.45526079136691
equipo: 652, rating: 0.45678478824546
equipo: 495, rating: 0.4568848758465
equipo: 290, rating: 0.45714285714286
equipo: 455, rating: 0.45766129032258
equipo: 686, rating: 0.45884683098592
equipo: 592, rating: 0.46010339402113
equipo: 484, rating: 0.46015071934232
equipo: 339, rating: 0.46070704796217
equipo: 155, rating: 0.46165814625472
equipo: 254, rating: 0.46246587807097
equipo: 291, rating: 0.46270002253775
equipo: 714, rating: 0.46352215120123
equipo: 325, rating: 0.46382600976476
equipo: 181, rating: 0.46406660823839
equipo: 992, rating: 0.46446243814665
equipo: 93, rating: 0.4644976918004
equipo: 964, rating: 0.46459453143258
equipo: 360, rating: 0.46461949265688
equipo: 244, rating: 0.46497530309834
equipo: 620, rating: 0.46520787746171
equipo: 411, rating: 0.46524064171123
equipo: 193, rating: 0.46528242911364
equipo: 342, rating: 0.46528543090148
equipo: 727, rating: 0.46563342318059
equipo: 877, rating: 0.4656368927692
equipo: 147, rating: 0.46565227120161
equipo: 106, rating: 0.4659779923647
equipo: 229, rating: 0.46617837139164
equipo: 186, rating: 0.46619217081851
equipo: 323, rating: 0.46622516556291
equipo: 931, rating: 0.46638748071413
equipo: 479, rating: 0.46668177697189
equipo: 763, rating: 0.46684770310025
equipo: 583, rating: 0.4669457910974
equipo: 621, rating: 0.46720772099145
equipo: 33, rating: 0.46797918081014
equipo: 387, rating: 0.46798472253426
equipo: 270, rating: 0.46847442680776
equipo: 49, rating: 0.46865872837565
equipo: 23, rating: 0.46945975744212
equipo: 246, rating: 0.46993221080254
equipo: 300, rating: 0.46997330960854
equipo: 908, rating: 0.47037940980697
equipo: 276, rating: 0.47039757994814
equipo: 394, rating: 0.47060143626571
equipo: 773, rating: 0.47102558495517
equipo: 873, rating: 0.47111509180475
equipo: 102, rating: 0.47128927410618
equipo: 312, rating: 0.47174887892377
equipo: 922, rating: 0.47195442594216
equipo: 752, rating: 0.47196900638104
equipo: 573, rating: 0.47200359793119
equipo: 140, rating: 0.47214854111406
equipo: 472, rating: 0.47217877094972
equipo: 81, rating: 0.47224080267559
equipo: 444, rating: 0.47231638418079
equipo: 313, rating: 0.47234320557491
equipo: 94, rating: 0.4723640399556
equipo: 602, rating: 0.47259062776304
equipo: 401, rating: 0.47262443438914
equipo: 488, rating: 0.47264918625678
equipo: 365, rating: 0.47266235215354
equipo: 702, rating: 0.47269511386248
equipo: 637, rating: 0.47283438795549
equipo: 997, rating: 0.47302356309183
equipo: 76, rating: 0.47335562987737
equipo: 930, rating: 0.47348568892833
equipo: 485, rating: 0.47370766488414
equipo: 539, rating: 0.47383852052323
equipo: 755, rating: 0.474042167309
equipo: 26, rating: 0.47417218543046
equipo: 974, rating: 0.47428321295688
equipo: 286, rating: 0.47434461124804
equipo: 380, rating: 0.47457627118644
equipo: 145, rating: 0.47459144839937
equipo: 515, rating: 0.47472964025601
equipo: 183, rating: 0.47481081081081
equipo: 98, rating: 0.47491712707182
equipo: 793, rating: 0.47513321492007
equipo: 692, rating: 0.47514060742407
equipo: 988, rating: 0.47519294377067
equipo: 423, rating: 0.47528599179797
equipo: 346, rating: 0.47547342003194
equipo: 969, rating: 0.47556512378902
equipo: 554, rating: 0.47558011049724
equipo: 424, rating: 0.47563176895307
equipo: 27, rating: 0.47564789991063
equipo: 593, rating: 0.47574334898279
equipo: 188, rating: 0.47585601404741
equipo: 141, rating: 0.47590361445783
equipo: 993, rating: 0.47598932859048
equipo: 83, rating: 0.47641831852358
equipo: 205, rating: 0.47642026760254
equipo: 491, rating: 0.47644444444444
equipo: 705, rating: 0.47654701607575
equipo: 5, rating: 0.47659384752564
equipo: 322, rating: 0.47667931265343
equipo: 467, rating: 0.47679324894515
equipo: 47, rating: 0.47691263014939
equipo: 334, rating: 0.47702165267344
equipo: 824, rating: 0.47705395119767
equipo: 955, rating: 0.47706013363029
equipo: 940, rating: 0.47729765299408
equipo: 660, rating: 0.47730248799651
equipo: 506, rating: 0.47739244951712
equipo: 361, rating: 0.47740236946029
equipo: 715, rating: 0.47743781642087
equipo: 505, rating: 0.4778149386845
equipo: 944, rating: 0.47782579031158
equipo: 351, rating: 0.47801450589302
equipo: 138, rating: 0.47802076430307
equipo: 105, rating: 0.47804455980965
equipo: 108, rating: 0.47850425436632
equipo: 532, rating: 0.47867085765604
equipo: 549, rating: 0.47901016349978
equipo: 541, rating: 0.47911602209945
equipo: 397, rating: 0.47928085946064
equipo: 258, rating: 0.47932960893855
equipo: 296, rating: 0.47933884297521
equipo: 417, rating: 0.47941834451902
equipo: 15, rating: 0.4795670421913
equipo: 353, rating: 0.47961165048544
equipo: 785, rating: 0.47961896322552
equipo: 0, rating: 0.47969824717107
equipo: 191, rating: 0.47974797479748
equipo: 169, rating: 0.47978910369069
equipo: 802, rating: 0.47986141186661
equipo: 696, rating: 0.48014773776547
equipo: 233, rating: 0.48018596413549
equipo: 711, rating: 0.48018699910953
equipo: 855, rating: 0.48019801980198
equipo: 335, rating: 0.4802559011692
equipo: 526, rating: 0.48027330835354
equipo: 713, rating: 0.480278927871
equipo: 111, rating: 0.48044198895028
equipo: 91, rating: 0.48051658873302
equipo: 811, rating: 0.48079877112135
equipo: 984, rating: 0.48089531991861
equipo: 829, rating: 0.48097112860892
equipo: 212, rating: 0.4809957768393
equipo: 131, rating: 0.48100436681223
equipo: 825, rating: 0.48108227012758
equipo: 160, rating: 0.48113418173699
equipo: 418, rating: 0.48115746971736
equipo: 672, rating: 0.48121606948969
equipo: 366, rating: 0.48122422400695
equipo: 78, rating: 0.48124588725598
equipo: 65, rating: 0.48129899216125
equipo: 206, rating: 0.48142380422692
equipo: 427, rating: 0.4814314652262
equipo: 492, rating: 0.48144933825125
equipo: 459, rating: 0.48151408450704
equipo: 906, rating: 0.48152320865255
equipo: 961, rating: 0.48159645232816
equipo: 949, rating: 0.48168578993822
equipo: 657, rating: 0.48170459616243
equipo: 524, rating: 0.48170731707317
equipo: 39, rating: 0.48172466622893
equipo: 275, rating: 0.48177141579065
equipo: 761, rating: 0.48191701797204
equipo: 718, rating: 0.48192771084337
equipo: 255, rating: 0.48211508553655
equipo: 216, rating: 0.48215473287519
equipo: 628, rating: 0.48215503523528
equipo: 596, rating: 0.48232940653479
equipo: 84, rating: 0.48254529385771
equipo: 849, rating: 0.48262120876688
equipo: 977, rating: 0.48268884892086
equipo: 127, rating: 0.4828278322926
equipo: 799, rating: 0.48291925465839
equipo: 772, rating: 0.4829570606463
equipo: 580, rating: 0.48324396782842
equipo: 289, rating: 0.4835690968444
equipo: 770, rating: 0.48359201773836
equipo: 956, rating: 0.48366606170599
equipo: 618, rating: 0.48371478873239
equipo: 798, rating: 0.48378498445135
equipo: 263, rating: 0.4838141378551
equipo: 316, rating: 0.4838141378551
equipo: 458, rating: 0.4838639337113
equipo: 208, rating: 0.48389261744966
equipo: 546, rating: 0.48392979256895
equipo: 167, rating: 0.48396770472895
equipo: 242, rating: 0.48410123296561
equipo: 473, rating: 0.48423623445826
equipo: 760, rating: 0.48425456947809
equipo: 986, rating: 0.48429259344187
equipo: 350, rating: 0.48431196772748
equipo: 278, rating: 0.4845913354176
equipo: 812, rating: 0.48462049125913
equipo: 142, rating: 0.48471121177803
equipo: 202, rating: 0.4847969381246
equipo: 283, rating: 0.48488830486202
equipo: 933, rating: 0.48498040922943
equipo: 545, rating: 0.48504693298406
equipo: 560, rating: 0.48510078878177
equipo: 595, rating: 0.48533393501805
equipo: 129, rating: 0.48537378114843
equipo: 474, rating: 0.48541527499443
equipo: 378, rating: 0.48542805100182
equipo: 691, rating: 0.48544331715924
equipo: 912, rating: 0.48546705125361
equipo: 683, rating: 0.48549450549451
equipo: 989, rating: 0.48550411077456
equipo: 1, rating: 0.48560035445281
equipo: 101, rating: 0.48571428571429
equipo: 349, rating: 0.48577235772358
equipo: 578, rating: 0.48581395348837
equipo: 166, rating: 0.48582642825992
equipo: 407, rating: 0.48586572438163
equipo: 125, rating: 0.48590488487196
equipo: 953, rating: 0.4859587538394
equipo: 165, rating: 0.48606741573034
equipo: 806, rating: 0.48614834673816
equipo: 616, rating: 0.48621830209482
equipo: 883, rating: 0.48622366288493
equipo: 460, rating: 0.48636884306987
equipo: 89, rating: 0.48637961335677
equipo: 559, rating: 0.48640946953091
equipo: 857, rating: 0.48652321630804
equipo: 787, rating: 0.48659608019824
equipo: 113, rating: 0.48683633172444
equipo: 187, rating: 0.48700134468848
equipo: 466, rating: 0.48711943793911
equipo: 77, rating: 0.4871450927789
equipo: 959, rating: 0.48714596949891
equipo: 828, rating: 0.4872325741891
equipo: 199, rating: 0.48731642189586
equipo: 73, rating: 0.48741721854305
equipo: 348, rating: 0.48748094927063
equipo: 43, rating: 0.48749169802967
equipo: 641, rating: 0.48749441715051
equipo: 749, rating: 0.48753894080997
equipo: 383, rating: 0.48760703019378
equipo: 630, rating: 0.48764487207522
equipo: 552, rating: 0.48766816143498
equipo: 110, rating: 0.48780487804878
equipo: 234, rating: 0.48781043517886
equipo: 518, rating: 0.48781549173194
equipo: 74, rating: 0.48783261314533
equipo: 200, rating: 0.48784367189275
equipo: 7, rating: 0.48792912513843
equipo: 632, rating: 0.488
equipo: 967, rating: 0.48801597869507
equipo: 664, rating: 0.48807631160572
equipo: 605, rating: 0.48818897637795
equipo: 436, rating: 0.48829201101928
equipo: 499, rating: 0.48841315382918
equipo: 259, rating: 0.48844957796535
equipo: 679, rating: 0.48846495119787
equipo: 20, rating: 0.4886141834743
equipo: 293, rating: 0.48866162738995
equipo: 414, rating: 0.48878525427493
equipo: 487, rating: 0.48878525427493
equipo: 314, rating: 0.48888384754991
equipo: 613, rating: 0.488928255093
equipo: 391, rating: 0.48893905191874
equipo: 588, rating: 0.48894241296256
equipo: 66, rating: 0.4890625
equipo: 439, rating: 0.48907411579185
equipo: 816, rating: 0.48910626945309
equipo: 421, rating: 0.48910933793401
equipo: 557, rating: 0.48915871639202
equipo: 948, rating: 0.48916887709991
equipo: 985, rating: 0.48920863309353
equipo: 533, rating: 0.48923418423973
equipo: 344, rating: 0.48929123426805
equipo: 599, rating: 0.48931818181818
equipo: 891, rating: 0.48935226264419
equipo: 288, rating: 0.48939495423086
equipo: 626, rating: 0.48940533151059
equipo: 853, rating: 0.48945147679325
equipo: 675, rating: 0.48948075201432
equipo: 677, rating: 0.48948882496127
equipo: 364, rating: 0.48953974895397
equipo: 523, rating: 0.48954248366013
equipo: 384, rating: 0.48968609865471
equipo: 813, rating: 0.48979591836735
equipo: 225, rating: 0.4898956251388
equipo: 542, rating: 0.49003642596957
equipo: 564, rating: 0.49004424778761
equipo: 504, rating: 0.49013452914798
equipo: 24, rating: 0.4902732746642
equipo: 815, rating: 0.49029667633281
equipo: 310, rating: 0.49033816425121
equipo: 399, rating: 0.49035441902198
equipo: 115, rating: 0.49037004977278
equipo: 757, rating: 0.49040139616056
equipo: 4, rating: 0.4904214559387
equipo: 273, rating: 0.49043715846995
equipo: 576, rating: 0.49047725745015
equipo: 307, rating: 0.49052396878484
equipo: 970, rating: 0.49060022650057
equipo: 437, rating: 0.49065623641895
equipo: 448, rating: 0.49075297225892
equipo: 510, rating: 0.49080305069538
equipo: 728, rating: 0.49080882352941
equipo: 116, rating: 0.49103387203896
equipo: 122, rating: 0.49109302837035
equipo: 814, rating: 0.49111111111111
equipo: 336, rating: 0.49112554112554
equipo: 920, rating: 0.49116217410517
equipo: 570, rating: 0.49116607773852
equipo: 22, rating: 0.49126299491263
equipo: 876, rating: 0.49129075480125
equipo: 607, rating: 0.49133961850471
equipo: 295, rating: 0.49136403897254
equipo: 843, rating: 0.49139280125196
equipo: 146, rating: 0.49142480211082
equipo: 636, rating: 0.4915293040293
equipo: 55, rating: 0.491559756921
equipo: 461, rating: 0.49159090909091
equipo: 247, rating: 0.49159854677566
equipo: 425, rating: 0.49160406539991
equipo: 468, rating: 0.49163419665368
equipo: 871, rating: 0.49167237052247
equipo: 553, rating: 0.49168490153173
equipo: 279, rating: 0.49171888988362
equipo: 663, rating: 0.49190507873143
equipo: 328, rating: 0.49191225348992
equipo: 9, rating: 0.49200355397601
equipo: 345, rating: 0.49205648720212
equipo: 581, rating: 0.49214080141687
equipo: 830, rating: 0.49216854180454
equipo: 645, rating: 0.49217352415027
equipo: 597, rating: 0.49233162925094
equipo: 192, rating: 0.49233198015336
equipo: 682, rating: 0.49238578680203
equipo: 671, rating: 0.49254395726686
equipo: 412, rating: 0.49272486772487
equipo: 419, rating: 0.49286033020973
equipo: 253, rating: 0.49289204797868
equipo: 429, rating: 0.49298813376483
equipo: 332, rating: 0.49300087489064
equipo: 885, rating: 0.49302325581395
equipo: 451, rating: 0.49303251493033
equipo: 796, rating: 0.49308035714286
equipo: 875, rating: 0.49309884238646
equipo: 431, rating: 0.49314159292035
equipo: 907, rating: 0.49322552447552
equipo: 717, rating: 0.49338040600177
equipo: 178, rating: 0.49341958509926
equipo: 600, rating: 0.4934296977661
equipo: 218, rating: 0.49362988555388
equipo: 525, rating: 0.49363981254184
equipo: 44, rating: 0.49369369369369
equipo: 674, rating: 0.49374857922255
equipo: 231, rating: 0.49383822540892
equipo: 337, rating: 0.49388753056235
equipo: 625, rating: 0.49390243902439
equipo: 991, rating: 0.49391996462525
equipo: 870, rating: 0.49404092646728
equipo: 219, rating: 0.49406854130053
equipo: 385, rating: 0.49420935412027
equipo: 522, rating: 0.49422478898267
equipo: 543, rating: 0.49427866277765
equipo: 860, rating: 0.4943719045475
equipo: 170, rating: 0.49440860215054
equipo: 890, rating: 0.49444197421076
equipo: 565, rating: 0.49444318439555
equipo: 249, rating: 0.49448570785505
equipo: 771, rating: 0.4944885361552
equipo: 355, rating: 0.49452554744526
equipo: 750, rating: 0.49454949944383
equipo: 769, rating: 0.49456048738033
equipo: 281, rating: 0.49463087248322
equipo: 733, rating: 0.49466666666667
equipo: 12, rating: 0.4947615993158
equipo: 189, rating: 0.49482948294829
equipo: 52, rating: 0.49484073575594
equipo: 168, rating: 0.49486148346738
equipo: 104, rating: 0.49489685124864
equipo: 18, rating: 0.49491150442478
equipo: 747, rating: 0.4949175513892
equipo: 97, rating: 0.49494268374916
equipo: 606, rating: 0.49496937882765
equipo: 71, rating: 0.49501440283625
equipo: 838, rating: 0.49501948895626
equipo: 869, rating: 0.49510893730547
equipo: 179, rating: 0.49511824690822
equipo: 211, rating: 0.49511978704525
equipo: 706, rating: 0.49524221453287
equipo: 642, rating: 0.49524861878453
equipo: 617, rating: 0.49527665317139
equipo: 38, rating: 0.49533925861695
equipo: 171, rating: 0.49534161490683
equipo: 818, rating: 0.49536723163842
equipo: 744, rating: 0.49537037037037
equipo: 406, rating: 0.49553571428571
equipo: 777, rating: 0.4956159579132
equipo: 304, rating: 0.49571299638989
equipo: 359, rating: 0.49574181981174
equipo: 851, rating: 0.4957810718358
equipo: 795, rating: 0.49582675389127
equipo: 957, rating: 0.49583422345653
equipo: 174, rating: 0.49585480618418
equipo: 639, rating: 0.49586597040905
equipo: 810, rating: 0.49586961375307
equipo: 343, rating: 0.49593495934959
equipo: 562, rating: 0.49594031160851
equipo: 372, rating: 0.49596158044095
equipo: 563, rating: 0.49621212121212
equipo: 99, rating: 0.49624226348364
equipo: 805, rating: 0.49629795826789
equipo: 51, rating: 0.49633902817839
equipo: 107, rating: 0.49638336347197
equipo: 494, rating: 0.49647486922902
equipo: 133, rating: 0.49651920053896
equipo: 157, rating: 0.49654557610876
equipo: 644, rating: 0.49656547750942
equipo: 239, rating: 0.49657458563536
equipo: 465, rating: 0.49662466246625
equipo: 878, rating: 0.49664729548502
equipo: 514, rating: 0.49696014411169
equipo: 751, rating: 0.49700465941868
equipo: 503, rating: 0.49703492202943
equipo: 236, rating: 0.49704947798457
equipo: 498, rating: 0.49704947798457
equipo: 370, rating: 0.49705561613959
equipo: 220, rating: 0.49707075259126
equipo: 264, rating: 0.49715326804828
equipo: 34, rating: 0.49718492854049
equipo: 381, rating: 0.49722283936903
equipo: 516, rating: 0.49738789725729
equipo: 305, rating: 0.49744501221951
equipo: 834, rating: 0.49745180589408
equipo: 262, rating: 0.49754135002235
equipo: 910, rating: 0.4976065648507
equipo: 958, rating: 0.49760983382654
equipo: 393, rating: 0.49767235646198
equipo: 42, rating: 0.4977588525325
equipo: 318, rating: 0.49781277340332
equipo: 928, rating: 0.49782608695652
equipo: 454, rating: 0.49785601444369
equipo: 68, rating: 0.49786947746131
equipo: 72, rating: 0.49788559982195
equipo: 987, rating: 0.4979280261723
equipo: 478, rating: 0.49794801641587
equipo: 745, rating: 0.4979901741849
equipo: 70, rating: 0.49801148917366
equipo: 927, rating: 0.49807561693457
equipo: 386, rating: 0.49809715692859
equipo: 723, rating: 0.49815922687529
equipo: 135, rating: 0.49822773593265
equipo: 781, rating: 0.49822930500221
equipo: 132, rating: 0.49830508474576
equipo: 887, rating: 0.49849267872524
equipo: 893, rating: 0.4985558764719
equipo: 82, rating: 0.4985835694051
equipo: 260, rating: 0.49867139061116
equipo: 981, rating: 0.49868708971554
equipo: 513, rating: 0.49877423668375
equipo: 509, rating: 0.49878613992496
equipo: 994, rating: 0.49879623550011
equipo: 561, rating: 0.49898396929329
equipo: 831, rating: 0.49899441340782
equipo: 161, rating: 0.49909420289855
equipo: 92, rating: 0.49911816578483
equipo: 598, rating: 0.49920975389478
equipo: 75, rating: 0.49922651933702
equipo: 936, rating: 0.49932249322493
equipo: 450, rating: 0.49932644813651
equipo: 548, rating: 0.49932915921288
equipo: 732, rating: 0.49933333333333
equipo: 434, rating: 0.49933481152993
equipo: 464, rating: 0.49934526407682
equipo: 998, rating: 0.49944382647386
equipo: 925, rating: 0.49944897509367
equipo: 669, rating: 0.49945042866564
equipo: 520, rating: 0.49955713020372
equipo: 673, rating: 0.49965978679973
equipo: 693, rating: 0.49966909331568
equipo: 858, rating: 0.4997722095672
equipo: 201, rating: 0.49977648636567
equipo: 176, rating: 0.49977738201247
equipo: 150, rating: 0.49977905435263
equipo: 623, rating: 0.49978194505015
equipo: 228, rating: 0.49988756465033
equipo: 827, rating: 0.49988891357476
equipo: 519, rating: 0.49989090115645
equipo: 651, rating: 0.5
equipo: 726, rating: 0.50010991426687
equipo: 13, rating: 0.50011098779134
equipo: 601, rating: 0.50022026431718
equipo: 389, rating: 0.50022789425706
equipo: 680, rating: 0.50033163829317
equipo: 324, rating: 0.50044365572316
equipo: 649, rating: 0.50045187528242
equipo: 850, rating: 0.50056167153449
equipo: 681, rating: 0.50065559440559
equipo: 786, rating: 0.50066342326404
equipo: 217, rating: 0.50067144136079
equipo: 56, rating: 0.50067476383266
equipo: 175, rating: 0.50067996373527
equipo: 245, rating: 0.5007700770077
equipo: 303, rating: 0.50080330502639
equipo: 709, rating: 0.50090252707581
equipo: 924, rating: 0.50098489822718
equipo: 25, rating: 0.5009900990099
equipo: 568, rating: 0.50099315824321
equipo: 904, rating: 0.50109553023663
equipo: 311, rating: 0.50110424028269
equipo: 100, rating: 0.50114103149247
equipo: 923, rating: 0.50115207373272
equipo: 689, rating: 0.50133749442711
equipo: 968, rating: 0.50142014419926
equipo: 895, rating: 0.50145903479237
equipo: 180, rating: 0.50156529516995
equipo: 392, rating: 0.50157021085689
equipo: 832, rating: 0.50161186331399
equipo: 842, rating: 0.50161737523105
equipo: 590, rating: 0.50167897918066
equipo: 352, rating: 0.50174672489083
equipo: 550, rating: 0.50176366843034
equipo: 975, rating: 0.50177698800533
equipo: 603, rating: 0.50179856115108
equipo: 277, rating: 0.50186608122942
equipo: 631, rating: 0.50187183439771
equipo: 19, rating: 0.50187679399426
equipo: 373, rating: 0.50188344781742
equipo: 59, rating: 0.50198587819947
equipo: 266, rating: 0.50198763250883
equipo: 721, rating: 0.50207756232687
equipo: 388, rating: 0.50231430460657
equipo: 943, rating: 0.50241228070175
equipo: 807, rating: 0.50251916757941
equipo: 354, rating: 0.50252177900046
equipo: 481, rating: 0.50254031367351
equipo: 662, rating: 0.50255045464626
equipo: 699, rating: 0.50255953705765
equipo: 223, rating: 0.50256868438687
equipo: 886, rating: 0.50269905533063
equipo: 195, rating: 0.50277100421193
equipo: 759, rating: 0.50277963086502
equipo: 537, rating: 0.50287483414418
equipo: 730, rating: 0.50288030723277
equipo: 667, rating: 0.50288632326821
equipo: 462, rating: 0.5028927458834
equipo: 251, rating: 0.5030959752322
equipo: 719, rating: 0.50312221231044
equipo: 668, rating: 0.50318891576864
equipo: 867, rating: 0.5033185840708
equipo: 820, rating: 0.50332797796649
equipo: 932, rating: 0.50337078651685
equipo: 422, rating: 0.5034980323568
equipo: 738, rating: 0.5034996613231
equipo: 999, rating: 0.50354295837024
equipo: 865, rating: 0.50357781753131
equipo: 735, rating: 0.50360971341063
equipo: 788, rating: 0.50364298724954
equipo: 139, rating: 0.50387253817216
equipo: 656, rating: 0.50389321468298
equipo: 638, rating: 0.50393356643357
equipo: 701, rating: 0.504
equipo: 489, rating: 0.504039497307
equipo: 80, rating: 0.50404131118096
equipo: 635, rating: 0.50409201504092
equipo: 954, rating: 0.50416301489921
equipo: 790, rating: 0.50422352176738
equipo: 241, rating: 0.50428141633881
equipo: 235, rating: 0.5043246839654
equipo: 213, rating: 0.50434385002286
equipo: 942, rating: 0.5043830074174
equipo: 367, rating: 0.50439090294979
equipo: 575, rating: 0.50448833034111
equipo: 128, rating: 0.50462023890016
equipo: 28, rating: 0.50463780918728
equipo: 846, rating: 0.5046875
equipo: 659, rating: 0.50468959356856
equipo: 826, rating: 0.50470075670718
equipo: 634, rating: 0.50471801623875
equipo: 661, rating: 0.50474751834268
equipo: 569, rating: 0.50476622787108
equipo: 697, rating: 0.50479720889664
equipo: 780, rating: 0.50480139676997
equipo: 608, rating: 0.50482729028106
equipo: 321, rating: 0.50488671701466
equipo: 859, rating: 0.50488671701466
equipo: 694, rating: 0.50491071428571
equipo: 21, rating: 0.50493052442851
equipo: 261, rating: 0.50497897764992
equipo: 430, rating: 0.50505939287286
equipo: 453, rating: 0.50505959073533
equipo: 435, rating: 0.50509871989586
equipo: 207, rating: 0.50513815939712
equipo: 594, rating: 0.50517735183961
equipo: 778, rating: 0.50522964984084
equipo: 315, rating: 0.50527936647602
equipo: 899, rating: 0.50535917901938
equipo: 921, rating: 0.50538358008075
equipo: 703, rating: 0.50541125541126
equipo: 61, rating: 0.50545206724216
equipo: 109, rating: 0.50551181102362
equipo: 879, rating: 0.50551632833186
equipo: 415, rating: 0.50558534405719
equipo: 938, rating: 0.50558534405719
equipo: 441, rating: 0.50558784085829
equipo: 469, rating: 0.5056412618006
equipo: 909, rating: 0.50565955594253
equipo: 784, rating: 0.50575231220393
equipo: 836, rating: 0.50588235294118
equipo: 90, rating: 0.5058903488899
equipo: 475, rating: 0.50590762620838
equipo: 221, rating: 0.50592105263158
equipo: 340, rating: 0.50593505039194
equipo: 63, rating: 0.50601336302895
equipo: 198, rating: 0.50604262799385
equipo: 57, rating: 0.50608166811468
equipo: 226, rating: 0.50629000220702
equipo: 209, rating: 0.50629213483146
equipo: 103, rating: 0.50644650531554
equipo: 852, rating: 0.50645304850912
equipo: 88, rating: 0.50652271704903
equipo: 670, rating: 0.50678931230837
equipo: 685, rating: 0.50680889695869
equipo: 136, rating: 0.50682784866801
equipo: 665, rating: 0.50687971593431
equipo: 173, rating: 0.50688524590164
equipo: 428, rating: 0.50690423162584
equipo: 754, rating: 0.50691139814185
equipo: 232, rating: 0.50693822739481
equipo: 442, rating: 0.50697674418605
equipo: 712, rating: 0.50700155590131
equipo: 382, rating: 0.50701040253279
equipo: 149, rating: 0.50701754385965
equipo: 210, rating: 0.5070636818083
equipo: 292, rating: 0.50709619283622
equipo: 58, rating: 0.50710579742838
equipo: 720, rating: 0.5071186440678
equipo: 647, rating: 0.50724637681159
equipo: 403, rating: 0.50727786226374
equipo: 215, rating: 0.50728209724401
equipo: 741, rating: 0.50731817158298
equipo: 32, rating: 0.50734488050866
equipo: 571, rating: 0.50735621934909
equipo: 379, rating: 0.50745614035088
equipo: 96, rating: 0.50748638838476
equipo: 708, rating: 0.50749711649366
equipo: 297, rating: 0.50768535262206
equipo: 742, rating: 0.50775278445075
equipo: 274, rating: 0.50777202072539
equipo: 476, rating: 0.50781948168007
equipo: 839, rating: 0.50792233876367
equipo: 861, rating: 0.50795072788354
equipo: 54, rating: 0.50796769264353
equipo: 841, rating: 0.50810460341474
equipo: 376, rating: 0.5081569664903
equipo: 868, rating: 0.50819672131148
equipo: 250, rating: 0.50821167883212
equipo: 134, rating: 0.50823319982198
equipo: 884, rating: 0.50824175824176
equipo: 194, rating: 0.50831087151842
equipo: 433, rating: 0.5083686677081
equipo: 898, rating: 0.5083885209713
equipo: 121, rating: 0.50853548966757
equipo: 17, rating: 0.50861287398005
equipo: 700, rating: 0.50866666666667
equipo: 963, rating: 0.50872483221477
equipo: 36, rating: 0.50876040297854
equipo: 945, rating: 0.50882479552303
equipo: 204, rating: 0.50898074009955
equipo: 684, rating: 0.50906678460858
equipo: 979, rating: 0.50908285334515
equipo: 746, rating: 0.50933860689958
equipo: 775, rating: 0.50939597315436
equipo: 31, rating: 0.5094130675526
equipo: 158, rating: 0.50954706927176
equipo: 643, rating: 0.50956831330663
equipo: 892, rating: 0.50964066608238
equipo: 402, rating: 0.50967596759676
equipo: 946, rating: 0.50968771369957
equipo: 112, rating: 0.50970873786408
equipo: 438, rating: 0.50981704596162
equipo: 614, rating: 0.50984780662489
equipo: 162, rating: 0.50991626267078
equipo: 990, rating: 0.50996714129244
equipo: 848, rating: 0.51004386977603
equipo: 863, rating: 0.51006104453991
equipo: 704, rating: 0.51006414510064
equipo: 903, rating: 0.51014427412083
equipo: 143, rating: 0.51015801354402
equipo: 452, rating: 0.51017639077341
equipo: 508, rating: 0.51023131672598
equipo: 64, rating: 0.51035822183858
equipo: 530, rating: 0.51036439013746
equipo: 48, rating: 0.51037985865724
equipo: 123, rating: 0.51042810098793
equipo: 941, rating: 0.5104351687389
equipo: 390, rating: 0.51046590141796
equipo: 517, rating: 0.51047061472641
equipo: 902, rating: 0.51047237076649
equipo: 676, rating: 0.51055790175595
equipo: 678, rating: 0.51055873295205
equipo: 420, rating: 0.5106100795756
equipo: 46, rating: 0.51062877601253
equipo: 463, rating: 0.51067655652956
equipo: 650, rating: 0.51072771510728
equipo: 586, rating: 0.51078819903126
equipo: 862, rating: 0.51090132614071
equipo: 153, rating: 0.5109472743521
equipo: 558, rating: 0.51095375082983
equipo: 529, rating: 0.51103526734926
equipo: 856, rating: 0.51109119426395
equipo: 338, rating: 0.51109585907115
equipo: 547, rating: 0.51115157032317
equipo: 119, rating: 0.51128643436336
equipo: 982, rating: 0.51132326820604
equipo: 753, rating: 0.51133272892112
equipo: 120, rating: 0.51138952164009
equipo: 184, rating: 0.51146582733813
equipo: 413, rating: 0.51148315089075
equipo: 983, rating: 0.51160220994475
equipo: 449, rating: 0.51161741484322
equipo: 294, rating: 0.51164778798889
equipo: 880, rating: 0.51172319599363
equipo: 308, rating: 0.5117852466172
equipo: 395, rating: 0.51179350244771
equipo: 881, rating: 0.51187808157777
equipo: 265, rating: 0.51187904967603
equipo: 767, rating: 0.51194539249147
equipo: 496, rating: 0.51202517419645
equipo: 687, rating: 0.51206313416009
equipo: 531, rating: 0.51207622424108
equipo: 483, rating: 0.51210920299428
equipo: 45, rating: 0.51220604703247
equipo: 238, rating: 0.51221136767318
equipo: 326, rating: 0.5122591943958
equipo: 918, rating: 0.5123442808607
equipo: 740, rating: 0.51240974729242
equipo: 962, rating: 0.51260504201681
equipo: 896, rating: 0.51265964597804
equipo: 905, rating: 0.5126766883554
equipo: 688, rating: 0.51271280123812
equipo: 445, rating: 0.51271929824561
equipo: 919, rating: 0.51273382916385
equipo: 333, rating: 0.51275107199278
equipo: 756, rating: 0.51275738585497
equipo: 591, rating: 0.51276408450704
equipo: 163, rating: 0.51288888888889
equipo: 470, rating: 0.51290035587189
equipo: 501, rating: 0.5129811996419
equipo: 10, rating: 0.51299559471366
equipo: 117, rating: 0.51301684532925
equipo: 368, rating: 0.51302254322609
equipo: 67, rating: 0.513041556145
equipo: 804, rating: 0.51306465899026
equipo: 901, rating: 0.51308555091269
equipo: 477, rating: 0.51316376617581
equipo: 978, rating: 0.51316693382185
equipo: 803, rating: 0.51318181818182
equipo: 619, rating: 0.51322516114692
equipo: 280, rating: 0.51333926189418
equipo: 582, rating: 0.51342882721576
equipo: 792, rating: 0.51354923992069
equipo: 589, rating: 0.51371571072319
equipo: 500, rating: 0.51374345549738
equipo: 35, rating: 0.51382333108564
equipo: 203, rating: 0.51383049347201
equipo: 695, rating: 0.51392007184553
equipo: 285, rating: 0.51405178136756
equipo: 282, rating: 0.51410026857654
equipo: 840, rating: 0.51421535706291
equipo: 240, rating: 0.51427938897498
equipo: 287, rating: 0.5143110716663
equipo: 447, rating: 0.51431718061674
equipo: 357, rating: 0.51435677142211
equipo: 743, rating: 0.51440329218107
equipo: 939, rating: 0.51459362370903
equipo: 369, rating: 0.51466725043783
equipo: 574, rating: 0.51467072375571
equipo: 6, rating: 0.51468988030468
equipo: 724, rating: 0.51474229124465
equipo: 50, rating: 0.5147980125297
equipo: 934, rating: 0.51479820627803
equipo: 86, rating: 0.51484480431849
equipo: 331, rating: 0.51490697153105
equipo: 555, rating: 0.51513113651648
equipo: 915, rating: 0.51516483516484
equipo: 764, rating: 0.51517877220598
equipo: 330, rating: 0.51525347689547
equipo: 911, rating: 0.51527136892991
equipo: 900, rating: 0.51532399299475
equipo: 319, rating: 0.51537950874087
equipo: 269, rating: 0.51538980004493
equipo: 11, rating: 0.51546624520208
equipo: 243, rating: 0.51559298884589
equipo: 653, rating: 0.51561792666365
equipo: 196, rating: 0.51572327044025
equipo: 497, rating: 0.51573157315732
equipo: 87, rating: 0.51574892363472
equipo: 309, rating: 0.51579654940623
equipo: 248, rating: 0.51584948688712
equipo: 37, rating: 0.51588001764446
equipo: 148, rating: 0.51619299405155
equipo: 566, rating: 0.51623376623377
equipo: 837, rating: 0.51628521126761
equipo: 426, rating: 0.51640258870788
equipo: 585, rating: 0.51642873328801
equipo: 347, rating: 0.51651583710407
equipo: 633, rating: 0.51653543307087
equipo: 646, rating: 0.51655629139073
equipo: 301, rating: 0.51655933762649
equipo: 844, rating: 0.51661497563137
equipo: 897, rating: 0.5167077820139
equipo: 164, rating: 0.51671122994652
equipo: 737, rating: 0.51672131147541
equipo: 567, rating: 0.51673878387611
equipo: 960, rating: 0.51685393258427
equipo: 252, rating: 0.5169760072431
equipo: 622, rating: 0.51706036745407
equipo: 996, rating: 0.51710350955131
equipo: 612, rating: 0.51724137931034
equipo: 374, rating: 0.51739822606322
equipo: 725, rating: 0.51747162252393
equipo: 776, rating: 0.51767565178966
equipo: 615, rating: 0.51772575250836
equipo: 965, rating: 0.51791242812915
equipo: 551, rating: 0.51793272443751
equipo: 182, rating: 0.51794987581847
equipo: 512, rating: 0.51794987581847
equipo: 256, rating: 0.51795332136445
equipo: 409, rating: 0.51798093587522
equipo: 710, rating: 0.5180349634875
equipo: 299, rating: 0.51816927322907
equipo: 783, rating: 0.51816987740806
equipo: 808, rating: 0.51832229580574
equipo: 748, rating: 0.51842047209354
equipo: 655, rating: 0.5184681622479
equipo: 874, rating: 0.5184681622479
equipo: 41, rating: 0.51850220264317
equipo: 268, rating: 0.5185101067454
equipo: 707, rating: 0.5185101067454
equipo: 779, rating: 0.5185431934266
equipo: 40, rating: 0.51863493488999
equipo: 320, rating: 0.51863493488999
equipo: 809, rating: 0.51867783563505
equipo: 609, rating: 0.51884253028264
equipo: 690, rating: 0.51897616946161
equipo: 716, rating: 0.51898734177215
equipo: 765, rating: 0.5190015740949
equipo: 833, rating: 0.51908056237447
equipo: 544, rating: 0.51912691269127
equipo: 271, rating: 0.51914414414414
equipo: 144, rating: 0.5192974848222
equipo: 2, rating: 0.51930372684669
equipo: 782, rating: 0.51940767332286
equipo: 821, rating: 0.51941424450854
equipo: 734, rating: 0.5195721438325
equipo: 124, rating: 0.51964285714286
equipo: 976, rating: 0.51968854282536
equipo: 14, rating: 0.51992874638165
equipo: 950, rating: 0.51998193723188
equipo: 822, rating: 0.52
equipo: 817, rating: 0.52003581822252
equipo: 8, rating: 0.52006868426701
equipo: 371, rating: 0.52014165559982
equipo: 214, rating: 0.52018737452599
equipo: 440, rating: 0.52019209779524
equipo: 577, rating: 0.52027334851936
equipo: 584, rating: 0.52028740490279
equipo: 823, rating: 0.52041043943788
equipo: 156, rating: 0.52041264266901
equipo: 947, rating: 0.52042190305206
equipo: 916, rating: 0.52049461873139
equipo: 130, rating: 0.52056325435852
equipo: 973, rating: 0.52063914780293
equipo: 866, rating: 0.520724801812
equipo: 159, rating: 0.52088772845953
equipo: 791, rating: 0.52107623318386
equipo: 648, rating: 0.52110497237569
equipo: 980, rating: 0.52153432032301
equipo: 432, rating: 0.52155648905594
equipo: 854, rating: 0.52162162162162
equipo: 298, rating: 0.52182410423453
equipo: 486, rating: 0.52226102138804
equipo: 95, rating: 0.52235502434706
equipo: 502, rating: 0.52254879964101
equipo: 768, rating: 0.52266257937377
equipo: 306, rating: 0.52269205224707
equipo: 185, rating: 0.52269239201929
equipo: 490, rating: 0.52274715660542
equipo: 929, rating: 0.52276366964081
equipo: 493, rating: 0.52283256121774
equipo: 457, rating: 0.52289576973397
equipo: 572, rating: 0.5229626294462
equipo: 398, rating: 0.52303220035778
equipo: 540, rating: 0.52308028877707
equipo: 610, rating: 0.52310783657066
equipo: 62, rating: 0.52313883299799
equipo: 197, rating: 0.5233055618104
equipo: 611, rating: 0.52342673403767
equipo: 774, rating: 0.52343923572539
equipo: 327, rating: 0.52364118426867
equipo: 396, rating: 0.52367256637168
equipo: 53, rating: 0.5238614077141
equipo: 658, rating: 0.52388498981209
equipo: 797, rating: 0.5238954012624
equipo: 29, rating: 0.52404494382022
equipo: 521, rating: 0.52412571934484
equipo: 847, rating: 0.52416756176155
equipo: 16, rating: 0.52422808203741
equipo: 800, rating: 0.52461992285001
equipo: 917, rating: 0.52478891534964
equipo: 3, rating: 0.52494432071269
equipo: 972, rating: 0.5251182698806
equipo: 267, rating: 0.52513966480447
equipo: 736, rating: 0.52519118308592
equipo: 926, rating: 0.52525694292587
equipo: 237, rating: 0.52566096423017
equipo: 224, rating: 0.52584066802076
equipo: 317, rating: 0.52584514721919
equipo: 356, rating: 0.52586786114222
equipo: 471, rating: 0.52587164112814
equipo: 405, rating: 0.52592102360468
equipo: 446, rating: 0.5260736196319
equipo: 272, rating: 0.52626811594203
equipo: 528, rating: 0.52628091872792
equipo: 152, rating: 0.52647702407002
equipo: 971, rating: 0.52652697280428
equipo: 666, rating: 0.52690288713911
equipo: 640, rating: 0.52695417789757
equipo: 154, rating: 0.52735993023763
equipo: 375, rating: 0.52754004827738
equipo: 535, rating: 0.52755555555556
equipo: 995, rating: 0.52772211088844
equipo: 789, rating: 0.52798549739406
equipo: 766, rating: 0.52809734513274
equipo: 443, rating: 0.52826286764706
equipo: 377, rating: 0.52833218628126
equipo: 527, rating: 0.52840009051822
equipo: 363, rating: 0.52853653120142
equipo: 482, rating: 0.52854886030241
equipo: 480, rating: 0.52857465552293
equipo: 914, rating: 0.52886115444618
equipo: 341, rating: 0.52910766464374
equipo: 79, rating: 0.52942468159859
equipo: 729, rating: 0.5296875
equipo: 801, rating: 0.5297418630752
equipo: 85, rating: 0.52978817299206
equipo: 698, rating: 0.52980427046263
equipo: 819, rating: 0.53035071942446
equipo: 172, rating: 0.53042708563842
equipo: 30, rating: 0.53052677981045
equipo: 556, rating: 0.53056720370779
equipo: 538, rating: 0.53075727292916
equipo: 190, rating: 0.53082572891164
equipo: 456, rating: 0.53100263852243
equipo: 257, rating: 0.53113228451141
equipo: 536, rating: 0.53124295059779
equipo: 872, rating: 0.53138913624221
equipo: 731, rating: 0.53145001103509
equipo: 126, rating: 0.53174603174603
equipo: 966, rating: 0.53225806451613
equipo: 654, rating: 0.53241472780664
equipo: 762, rating: 0.53270609318996
equipo: 604, rating: 0.53277274687365
equipo: 507, rating: 0.53295964125561
equipo: 864, rating: 0.53301565690946
equipo: 416, rating: 0.53307308609846
equipo: 400, rating: 0.53311827956989
equipo: 410, rating: 0.53312583370387
equipo: 845, rating: 0.53337739590218
equipo: 835, rating: 0.53360488798371
equipo: 882, rating: 0.53362445414847
equipo: 151, rating: 0.53384650215078
equipo: 579, rating: 0.53424971363116
equipo: 627, rating: 0.53442340791738
equipo: 935, rating: 0.5344986200552
equipo: 951, rating: 0.53468208092486
equipo: 952, rating: 0.53517980790708
equipo: 69, rating: 0.53552158273381
equipo: 284, rating: 0.53580083718881
equipo: 794, rating: 0.53702071397091
equipo: 739, rating: 0.53777380420206
equipo: 587, rating: 0.53956170703576
equipo: 722, rating: 0.54007123775601
equipo: 230, rating: 0.54054654521218
equipo: 114, rating: 0.54100911313625
equipo: 624, rating: 0.54233156028369
equipo: 302, rating: 0.54272363150868
equipo: 889, rating: 0.54334609322225
equipo: 629, rating: 0.54630688314658
equipo: 758, rating: 0.54691385937147
equipo: 362, rating: 0.54716563330381
equipo: 177, rating: 0.54818181818182
equipo: 222, rating: 0.54950603732162
equipo: 358, rating: 0.54981140448192
equipo: 137, rating: 0.55010087424344
