equipo: 395, rating: 0.45059288537549
equipo: 485, rating: 0.45289367429341
equipo: 755, rating: 0.45406824146982
equipo: 791, rating: 0.45466666666667
equipo: 609, rating: 0.45515846257586
equipo: 697, rating: 0.45527369826435
equipo: 450, rating: 0.45683930942895
equipo: 552, rating: 0.4572192513369
equipo: 824, rating: 0.45731303772336
equipo: 679, rating: 0.45764937623112
equipo: 136, rating: 0.45949535192563
equipo: 773, rating: 0.45967741935484
equipo: 741, rating: 0.46045576407507
equipo: 134, rating: 0.46101694915254
equipo: 429, rating: 0.46189224704336
equipo: 440, rating: 0.46308724832215
equipo: 72, rating: 0.46413793103448
equipo: 503, rating: 0.46435709526982
equipo: 913, rating: 0.46435709526982
equipo: 177, rating: 0.46533333333333
equipo: 699, rating: 0.46557600545331
equipo: 574, rating: 0.46564376250834
equipo: 23, rating: 0.46583442838371
equipo: 878, rating: 0.46587926509186
equipo: 575, rating: 0.4660961158657
equipo: 528, rating: 0.46614069690993
equipo: 318, rating: 0.46622073578595
equipo: 28, rating: 0.46626180836707
equipo: 925, rating: 0.46715328467153
equipo: 834, rating: 0.4671581769437
equipo: 634, rating: 0.46733333333333
equipo: 334, rating: 0.46734006734007
equipo: 97, rating: 0.46767537826685
equipo: 113, rating: 0.46808510638298
equipo: 357, rating: 0.4681130834977
equipo: 180, rating: 0.46812749003984
equipo: 945, rating: 0.46833773087071
equipo: 920, rating: 0.46842105263158
equipo: 601, rating: 0.46864686468647
equipo: 540, rating: 0.46906187624751
equipo: 761, rating: 0.46912751677852
equipo: 137, rating: 0.46963562753036
equipo: 683, rating: 0.46964643095397
equipo: 63, rating: 0.46980756469808
equipo: 302, rating: 0.47003994673768
equipo: 849, rating: 0.47031039136302
equipo: 825, rating: 0.47043010752688
equipo: 765, rating: 0.47043189368771
equipo: 34, rating: 0.47062750333778
equipo: 29, rating: 0.47074646940148
equipo: 722, rating: 0.47074646940148
equipo: 37, rating: 0.47101932045303
equipo: 727, rating: 0.47110215053763
equipo: 315, rating: 0.47176079734219
equipo: 550, rating: 0.47209145931406
equipo: 888, rating: 0.47218543046358
equipo: 6, rating: 0.47247706422018
equipo: 811, rating: 0.47248322147651
equipo: 667, rating: 0.47260726072607
equipo: 934, rating: 0.47267759562842
equipo: 337, rating: 0.47284768211921
equipo: 979, rating: 0.47322623828648
equipo: 109, rating: 0.47336480107889
equipo: 565, rating: 0.4734395750332
equipo: 504, rating: 0.47368421052632
equipo: 196, rating: 0.4738255033557
equipo: 908, rating: 0.47385837193911
equipo: 557, rating: 0.4738929279577
equipo: 416, rating: 0.4739652870494
equipo: 163, rating: 0.47417218543046
equipo: 185, rating: 0.47420634920635
equipo: 413, rating: 0.47428958051421
equipo: 89, rating: 0.4743162108072
equipo: 884, rating: 0.47456492637216
equipo: 502, rating: 0.47459893048128
equipo: 859, rating: 0.474679270763
equipo: 372, rating: 0.47493403693931
equipo: 92, rating: 0.47508305647841
equipo: 369, rating: 0.47533333333333
equipo: 67, rating: 0.47568287808128
equipo: 560, rating: 0.47568287808128
equipo: 556, rating: 0.47570850202429
equipo: 336, rating: 0.47606382978723
equipo: 759, rating: 0.47619047619048
equipo: 331, rating: 0.47622192866579
equipo: 978, rating: 0.47628726287263
equipo: 388, rating: 0.47638057218896
equipo: 954, rating: 0.47638057218896
equipo: 929, rating: 0.47662936142199
equipo: 941, rating: 0.47687074829932
equipo: 995, rating: 0.47689216342934
equipo: 781, rating: 0.47697368421053
equipo: 604, rating: 0.47708894878706
equipo: 54, rating: 0.47721179624665
equipo: 183, rating: 0.47725774555043
equipo: 806, rating: 0.47731755424063
equipo: 649, rating: 0.47747141896436
equipo: 542, rating: 0.47750167897918
equipo: 333, rating: 0.47757255936675
equipo: 31, rating: 0.47762191048764
equipo: 62, rating: 0.47793618465716
equipo: 839, rating: 0.47817327065144
equipo: 628, rating: 0.47823174815807
equipo: 122, rating: 0.47831887925284
equipo: 766, rating: 0.47858599592114
equipo: 745, rating: 0.47866666666667
equipo: 125, rating: 0.47867298578199
equipo: 3, rating: 0.47871643745907
equipo: 56, rating: 0.47883597883598
equipo: 335, rating: 0.47887323943662
equipo: 428, rating: 0.47890154052244
equipo: 568, rating: 0.47890154052244
equipo: 786, rating: 0.47890154052244
equipo: 685, rating: 0.47898599066044
equipo: 651, rating: 0.47908232118758
equipo: 434, rating: 0.47918043621943
equipo: 555, rating: 0.47919463087248
equipo: 864, rating: 0.47919463087248
equipo: 733, rating: 0.47927807486631
equipo: 345, rating: 0.47930574098798
equipo: 280, rating: 0.47934426229508
equipo: 481, rating: 0.47949735449735
equipo: 492, rating: 0.47951645399597
equipo: 652, rating: 0.47957839262187
equipo: 653, rating: 0.4796320630749
equipo: 680, rating: 0.47981469225678
equipo: 860, rating: 0.48
equipo: 408, rating: 0.48005319148936
equipo: 644, rating: 0.48005409060176
equipo: 837, rating: 0.48008102633356
equipo: 13, rating: 0.48015873015873
equipo: 807, rating: 0.4802333117304
equipo: 626, rating: 0.48035230352304
equipo: 886, rating: 0.48039867109635
equipo: 724, rating: 0.48053691275168
equipo: 41, rating: 0.48061497326203
equipo: 932, rating: 0.48071808510638
equipo: 203, rating: 0.4807821982468
equipo: 577, rating: 0.4807821982468
equipo: 71, rating: 0.48079470198675
equipo: 742, rating: 0.4809619238477
equipo: 981, rating: 0.48108108108108
equipo: 211, rating: 0.48135818908123
equipo: 247, rating: 0.48145695364238
equipo: 250, rating: 0.48148148148148
equipo: 696, rating: 0.48160315374507
equipo: 48, rating: 0.48165443629086
equipo: 489, rating: 0.48165760869565
equipo: 820, rating: 0.48165760869565
equipo: 987, rating: 0.48175675675676
equipo: 958, rating: 0.48180013236267
equipo: 96, rating: 0.48180592991914
equipo: 73, rating: 0.4818241903503
equipo: 144, rating: 0.48197596795728
equipo: 240, rating: 0.48200950441276
equipo: 299, rating: 0.48208248816768
equipo: 748, rating: 0.48240866035183
equipo: 431, rating: 0.48243870112657
equipo: 909, rating: 0.48247978436658
equipo: 465, rating: 0.48250336473755
equipo: 406, rating: 0.48252688172043
equipo: 448, rating: 0.4825543120474
equipo: 911, rating: 0.4826435246996
equipo: 188, rating: 0.48264571054355
equipo: 235, rating: 0.48266666666667
equipo: 404, rating: 0.48271186440678
equipo: 457, rating: 0.48278145695364
equipo: 611, rating: 0.48280423280423
equipo: 269, rating: 0.48289738430584
equipo: 373, rating: 0.48294314381271
equipo: 365, rating: 0.48306233062331
equipo: 181, rating: 0.4831013916501
equipo: 553, rating: 0.48312375909993
equipo: 708, rating: 0.48314606741573
equipo: 131, rating: 0.48316831683168
equipo: 255, rating: 0.48319050758075
equipo: 350, rating: 0.48324396782842
equipo: 141, rating: 0.48328877005348
equipo: 261, rating: 0.48333333333333
equipo: 399, rating: 0.48344370860927
equipo: 437, rating: 0.48376184032476
equipo: 128, rating: 0.48376408217362
equipo: 898, rating: 0.48378557246856
equipo: 816, rating: 0.48382749326146
equipo: 233, rating: 0.48384879725086
equipo: 827, rating: 0.48389261744966
equipo: 858, rating: 0.48399738732854
equipo: 257, rating: 0.48404255319149
equipo: 819, rating: 0.48404255319149
equipo: 234, rating: 0.4841108857336
equipo: 905, rating: 0.48416886543536
equipo: 844, rating: 0.48421759570181
equipo: 303, rating: 0.48423127463863
equipo: 939, rating: 0.48423876592891
equipo: 689, rating: 0.48425196850394
equipo: 838, rating: 0.48425987943737
equipo: 460, rating: 0.48428093645485
equipo: 931, rating: 0.48430193720775
equipo: 998, rating: 0.48446794448116
equipo: 273, rating: 0.4846256684492
equipo: 466, rating: 0.48478701825558
equipo: 980, rating: 0.48486886348352
equipo: 916, rating: 0.48494983277592
equipo: 426, rating: 0.48512888301388
equipo: 39, rating: 0.48522336769759
equipo: 317, rating: 0.48525469168901
equipo: 993, rating: 0.48539176626826
equipo: 12, rating: 0.48540393754243
equipo: 949, rating: 0.48544346648612
equipo: 495, rating: 0.48556077904634
equipo: 198, rating: 0.48559946416611
equipo: 59, rating: 0.48560209424084
equipo: 57, rating: 0.48565710473649
equipo: 955, rating: 0.4857521537442
equipo: 353, rating: 0.48592493297587
equipo: 123, rating: 0.48603723404255
equipo: 536, rating: 0.48618421052632
equipo: 499, rating: 0.48619528619529
equipo: 306, rating: 0.48641304347826
equipo: 427, rating: 0.48641484426773
equipo: 592, rating: 0.48654104979812
equipo: 822, rating: 0.48655737704918
equipo: 539, rating: 0.48659517426273
equipo: 789, rating: 0.48661311914324
equipo: 522, rating: 0.48664886515354
equipo: 480, rating: 0.4867197875166
equipo: 400, rating: 0.48685097774781
equipo: 721, rating: 0.48693904889484
equipo: 260, rating: 0.48697394789579
equipo: 746, rating: 0.4869913275517
equipo: 477, rating: 0.48711169861203
equipo: 684, rating: 0.4872654155496
equipo: 348, rating: 0.4873670212766
equipo: 86, rating: 0.48747461069736
equipo: 720, rating: 0.48750844024308
equipo: 490, rating: 0.48756544502618
equipo: 249, rating: 0.4876254180602
equipo: 393, rating: 0.48769128409847
equipo: 473, rating: 0.48769128409847
equipo: 950, rating: 0.48769128409847
equipo: 85, rating: 0.48772395487724
equipo: 732, rating: 0.48774022531478
equipo: 772, rating: 0.48782093482554
equipo: 588, rating: 0.48783694937541
equipo: 903, rating: 0.48795180722892
equipo: 344, rating: 0.48801597869507
equipo: 734, rating: 0.48804780876494
equipo: 438, rating: 0.48811096433289
equipo: 47, rating: 0.48813559322034
equipo: 374, rating: 0.48821548821549
equipo: 11, rating: 0.48826291079812
equipo: 961, rating: 0.48826291079812
equipo: 546, rating: 0.48827863362358
equipo: 409, rating: 0.48830995323981
equipo: 564, rating: 0.48832555036691
equipo: 706, rating: 0.48832555036691
equipo: 641, rating: 0.48834110592938
equipo: 453, rating: 0.4884029158383
equipo: 976, rating: 0.4884029158383
equipo: 743, rating: 0.48851351351351
equipo: 627, rating: 0.48852459016393
equipo: 111, rating: 0.4885598923284
equipo: 573, rating: 0.4885752688172
equipo: 24, rating: 0.48862115127175
equipo: 190, rating: 0.48863636363636
equipo: 441, rating: 0.48868175765646
equipo: 82, rating: 0.48875661375661
equipo: 443, rating: 0.48882870683819
equipo: 579, rating: 0.48885887913572
equipo: 79, rating: 0.48888888888889
equipo: 547, rating: 0.48894842598794
equipo: 671, rating: 0.48901098901099
equipo: 534, rating: 0.48930481283422
equipo: 915, rating: 0.48930481283422
equipo: 937, rating: 0.48930481283422
equipo: 606, rating: 0.48934753661784
equipo: 924, rating: 0.4893899204244
equipo: 288, rating: 0.48940397350993
equipo: 133, rating: 0.48954821308159
equipo: 974, rating: 0.48959032907992
equipo: 112, rating: 0.48960429242119
equipo: 488, rating: 0.48964595858383
equipo: 912, rating: 0.4896872920825
equipo: 744, rating: 0.48987854251012
equipo: 70, rating: 0.48993288590604
equipo: 698, rating: 0.48994638069705
equipo: 896, rating: 0.49002659574468
equipo: 411, rating: 0.4901055408971
equipo: 193, rating: 0.49024882313383
equipo: 620, rating: 0.49027498323273
equipo: 670, rating: 0.49035262807718
equipo: 444, rating: 0.49059139784946
equipo: 660, rating: 0.49059139784946
equipo: 928, rating: 0.49065420560748
equipo: 605, rating: 0.49074074074074
equipo: 815, rating: 0.4908350305499
equipo: 835, rating: 0.4908350305499
equipo: 967, rating: 0.49093351242445
equipo: 305, rating: 0.49095780308104
equipo: 823, rating: 0.49098196392786
equipo: 206, rating: 0.49099099099099
equipo: 841, rating: 0.49099399599733
equipo: 189, rating: 0.49105367793241
equipo: 364, rating: 0.49105367793241
equipo: 396, rating: 0.49106551952349
equipo: 291, rating: 0.49108910891089
equipo: 956, rating: 0.49115913555992
equipo: 525, rating: 0.49121621621622
equipo: 169, rating: 0.49128686327078
equipo: 115, rating: 0.49142480211082
equipo: 232, rating: 0.491559756921
equipo: 361, rating: 0.4915938130464
equipo: 554, rating: 0.49163879598662
equipo: 330, rating: 0.49166110740494
equipo: 582, rating: 0.49166110740494
equipo: 170, rating: 0.49169435215947
equipo: 715, rating: 0.49172733289212
equipo: 899, rating: 0.49174690508941
equipo: 777, rating: 0.49178172255095
equipo: 36, rating: 0.49192462987887
equipo: 833, rating: 0.49193548387097
equipo: 295, rating: 0.49198931909212
equipo: 717, rating: 0.49198931909212
equipo: 813, rating: 0.492
equipo: 164, rating: 0.49202127659574
equipo: 612, rating: 0.49207397622193
equipo: 304, rating: 0.49213630406291
equipo: 284, rating: 0.49220338983051
equipo: 988, rating: 0.49224544841537
equipo: 30, rating: 0.49230769230769
equipo: 176, rating: 0.49232821881254
equipo: 103, rating: 0.49237905897946
equipo: 126, rating: 0.49243918474688
equipo: 378, rating: 0.49247874427731
equipo: 784, rating: 0.49256756756757
equipo: 659, rating: 0.49259757738896
equipo: 347, rating: 0.49271523178808
equipo: 175, rating: 0.49272486772487
equipo: 879, rating: 0.49279341111874
equipo: 650, rating: 0.49284785435631
equipo: 785, rating: 0.49289099526066
equipo: 451, rating: 0.49291975724882
equipo: 286, rating: 0.49293880295898
equipo: 402, rating: 0.49295774647887
equipo: 907, rating: 0.49296718017415
equipo: 842, rating: 0.49302325581395
equipo: 381, rating: 0.49303251493033
equipo: 405, rating: 0.49303251493033
equipo: 532, rating: 0.49315068493151
equipo: 531, rating: 0.4931693989071
equipo: 339, rating: 0.49320652173913
equipo: 208, rating: 0.49324324324324
equipo: 681, rating: 0.49326145552561
equipo: 382, rating: 0.49327052489906
equipo: 544, rating: 0.4933598937583
equipo: 275, rating: 0.4934036939314
equipo: 851, rating: 0.49344692005242
equipo: 999, rating: 0.49355057705363
equipo: 75, rating: 0.49358541525996
equipo: 479, rating: 0.4936198791135
equipo: 282, rating: 0.49362843729041
equipo: 316, rating: 0.49363697253851
equipo: 359, rating: 0.4936539746159
equipo: 892, rating: 0.49366244162775
equipo: 686, rating: 0.49369608493696
equipo: 861, rating: 0.49370444002651
equipo: 487, rating: 0.49371277299801
equipo: 58, rating: 0.49372108393919
equipo: 239, rating: 0.49372108393919
equipo: 619, rating: 0.49372108393919
equipo: 694, rating: 0.49372108393919
equipo: 53, rating: 0.49395161290323
equipo: 184, rating: 0.49398395721925
equipo: 545, rating: 0.49398395721925
equipo: 516, rating: 0.49408672798949
equipo: 182, rating: 0.49426063470628
equipo: 84, rating: 0.4943143812709
equipo: 300, rating: 0.4943143812709
equipo: 159, rating: 0.49434464404524
equipo: 983, rating: 0.49434464404524
equipo: 830, rating: 0.49455040871935
equipo: 890, rating: 0.49462365591398
equipo: 595, rating: 0.4946452476573
equipo: 599, rating: 0.49467376830892
equipo: 608, rating: 0.49468791500664
equipo: 922, rating: 0.49470198675497
equipo: 389, rating: 0.49492900608519
equipo: 285, rating: 0.4949358541526
equipo: 464, rating: 0.49495628782784
equipo: 9, rating: 0.49496981891348
equipo: 642, rating: 0.49497655726725
equipo: 977, rating: 0.49498327759197
equipo: 270, rating: 0.49501661129568
equipo: 876, rating: 0.49523160762943
equipo: 538, rating: 0.49528301886792
equipo: 18, rating: 0.49533954727031
equipo: 889, rating: 0.49533954727031
equipo: 515, rating: 0.49534574468085
equipo: 960, rating: 0.49558723693143
equipo: 718, rating: 0.4956228956229
equipo: 598, rating: 0.49562878278413
equipo: 366, rating: 0.49566377585057
equipo: 519, rating: 0.49566955363091
equipo: 449, rating: 0.49569251159708
equipo: 99, rating: 0.4956982131039
equipo: 792, rating: 0.49594046008119
equipo: 210, rating: 0.49595141700405
equipo: 805, rating: 0.49598930481283
equipo: 957, rating: 0.49598930481283
equipo: 596, rating: 0.49599465954606
equipo: 266, rating: 0.496
equipo: 828, rating: 0.49602122015915
equipo: 726, rating: 0.49603174603175
equipo: 456, rating: 0.49605263157895
equipo: 529, rating: 0.49626612355737
equipo: 256, rating: 0.49628127112914
equipo: 750, rating: 0.49630624580255
equipo: 199, rating: 0.49631120053655
equipo: 951, rating: 0.49632107023411
equipo: 647, rating: 0.49632598530394
equipo: 127, rating: 0.49633088725817
equipo: 326, rating: 0.49633577614923
equipo: 984, rating: 0.49633577614923
equipo: 155, rating: 0.4963503649635
equipo: 802, rating: 0.49637442320369
equipo: 676, rating: 0.49641226353555
equipo: 108, rating: 0.49662618083671
equipo: 194, rating: 0.49666221628838
equipo: 197, rating: 0.49667110519308
equipo: 76, rating: 0.49667553191489
equipo: 887, rating: 0.49668435013263
equipo: 110, rating: 0.49671484888305
equipo: 145, rating: 0.49693669162696
equipo: 857, rating: 0.4969737726967
equipo: 625, rating: 0.49698996655518
equipo: 167, rating: 0.49699799866578
equipo: 494, rating: 0.49700598802395
equipo: 873, rating: 0.49700598802395
equipo: 500, rating: 0.49702183984116
equipo: 843, rating: 0.49726775956284
equipo: 74, rating: 0.49730094466937
equipo: 566, rating: 0.49730094466937
equipo: 959, rating: 0.49730820995962
equipo: 863, rating: 0.49731543624161
equipo: 19, rating: 0.49731903485255
equipo: 379, rating: 0.49732977303071
equipo: 826, rating: 0.49762389680923
equipo: 157, rating: 0.49763033175355
equipo: 424, rating: 0.4976430976431
equipo: 648, rating: 0.49764942914708
equipo: 754, rating: 0.49766199064796
equipo: 309, rating: 0.49768058316766
equipo: 168, rating: 0.49799732977303
equipo: 265, rating: 0.49801061007958
equipo: 764, rating: 0.49801061007958
equipo: 996, rating: 0.49801324503311
equipo: 682, rating: 0.49804177545692
equipo: 104, rating: 0.49832102081934
equipo: 458, rating: 0.49832775919732
equipo: 227, rating: 0.49834327369119
equipo: 675, rating: 0.49835850295469
equipo: 757, rating: 0.49864314789688
equipo: 310, rating: 0.49864864864865
equipo: 871, rating: 0.49865591397849
equipo: 419, rating: 0.49865951742627
equipo: 513, rating: 0.49866488651535
equipo: 919, rating: 0.49866488651535
equipo: 40, rating: 0.49867197875166
equipo: 870, rating: 0.49867197875166
equipo: 308, rating: 0.49867374005305
equipo: 290, rating: 0.49867724867725
equipo: 165, rating: 0.49868766404199
equipo: 114, rating: 0.4989816700611
equipo: 246, rating: 0.49899531145345
equipo: 541, rating: 0.49899531145345
equipo: 687, rating: 0.49899665551839
equipo: 4, rating: 0.49899799599198
equipo: 253, rating: 0.49899933288859
equipo: 989, rating: 0.49901120632828
equipo: 846, rating: 0.49932795698925
equipo: 508, rating: 0.49932975871314
equipo: 796, rating: 0.49932975871314
equipo: 418, rating: 0.49933422103862
equipo: 254, rating: 0.49933510638298
equipo: 368, rating: 0.49933598937583
equipo: 506, rating: 0.49933598937583
equipo: 831, rating: 0.49933598937583
equipo: 229, rating: 0.49933687002653
equipo: 586, rating: 0.49933687002653
equipo: 143, rating: 0.49966375252186
equipo: 129, rating: 0.49966465459423
equipo: 787, rating: 0.49966555183946
equipo: 693, rating: 0.4996664442962
equipo: 714, rating: 0.49966865473824
equipo: 0, rating: 0.5
equipo: 101, rating: 0.5
equipo: 268, rating: 0.5
equipo: 349, rating: 0.5
equipo: 551, rating: 0.5
equipo: 707, rating: 0.5
equipo: 753, rating: 0.5
equipo: 692, rating: 0.50032873109796
equipo: 964, rating: 0.50033266799734
equipo: 705, rating: 0.50033311125916
equipo: 384, rating: 0.50033534540577
equipo: 100, rating: 0.50033944331297
equipo: 412, rating: 0.50066225165563
equipo: 690, rating: 0.50066312997347
equipo: 281, rating: 0.50066577896138
equipo: 432, rating: 0.50066577896138
equipo: 132, rating: 0.50066844919786
equipo: 521, rating: 0.50066934404284
equipo: 752, rating: 0.50066934404284
equipo: 845, rating: 0.50067476383266
equipo: 220, rating: 0.50068681318681
equipo: 236, rating: 0.50098231827112
equipo: 106, rating: 0.50099140779907
equipo: 664, rating: 0.50099272005295
equipo: 486, rating: 0.50099800399202
equipo: 187, rating: 0.50100066711141
equipo: 328, rating: 0.50100468854655
equipo: 578, rating: 0.50100468854655
equipo: 559, rating: 0.5010060362173
equipo: 730, rating: 0.50100738750839
equipo: 493, rating: 0.50102110279101
equipo: 788, rating: 0.50131752305665
equipo: 583, rating: 0.50132100396301
equipo: 780, rating: 0.50132625994695
equipo: 901, rating: 0.50132802124834
equipo: 14, rating: 0.50133333333333
equipo: 415, rating: 0.50133511348465
equipo: 562, rating: 0.50133511348465
equipo: 26, rating: 0.50133868808568
equipo: 241, rating: 0.50134408602151
equipo: 793, rating: 0.50134589502019
equipo: 313, rating: 0.50135135135135
equipo: 669, rating: 0.50135317997294
equipo: 417, rating: 0.5016393442623
equipo: 325, rating: 0.50165234633179
equipo: 7, rating: 0.50166333998669
equipo: 160, rating: 0.50167000668003
equipo: 462, rating: 0.50169033130494
equipo: 965, rating: 0.50169033130494
equipo: 767, rating: 0.50197368421053
equipo: 461, rating: 0.50197889182058
equipo: 307, rating: 0.50198675496689
equipo: 633, rating: 0.50199203187251
equipo: 154, rating: 0.50202429149798
equipo: 968, rating: 0.50203804347826
equipo: 973, rating: 0.50233488992662
equipo: 88, rating: 0.50234427327528
equipo: 274, rating: 0.50234427327528
equipo: 639, rating: 0.50235057085292
equipo: 921, rating: 0.50263852242744
equipo: 946, rating: 0.50264900662252
equipo: 966, rating: 0.50265604249668
equipo: 212, rating: 0.50267022696929
equipo: 906, rating: 0.50267022696929
equipo: 179, rating: 0.50267737617135
equipo: 804, rating: 0.50267737617135
equipo: 117, rating: 0.50269905533063
equipo: 422, rating: 0.50295857988166
equipo: 463, rating: 0.50298210735586
equipo: 311, rating: 0.50298606502986
equipo: 763, rating: 0.50302216252518
equipo: 237, rating: 0.50328515111695
equipo: 632, rating: 0.50328515111695
equipo: 533, rating: 0.50329380764163
equipo: 695, rating: 0.5032981530343
equipo: 668, rating: 0.50331125827815
equipo: 459, rating: 0.50332889480692
equipo: 346, rating: 0.50333333333333
equipo: 703, rating: 0.50333778371162
equipo: 171, rating: 0.5033692722372
equipo: 936, rating: 0.50337381916329
equipo: 952, rating: 0.50339673913043
equipo: 5, rating: 0.50361604207758
equipo: 174, rating: 0.50365934797073
equipo: 496, rating: 0.50368879946345
equipo: 760, rating: 0.50369872225958
equipo: 836, rating: 0.50394736842105
equipo: 370, rating: 0.50395778364116
equipo: 943, rating: 0.50397877984085
equipo: 589, rating: 0.50398406374502
equipo: 512, rating: 0.50398936170213
equipo: 482, rating: 0.504
equipo: 392, rating: 0.50402144772118
equipo: 880, rating: 0.50402144772118
equipo: 511, rating: 0.50403768506057
equipo: 38, rating: 0.50408719346049
equipo: 723, rating: 0.5043017868961
equipo: 985, rating: 0.50433622414943
equipo: 948, rating: 0.50436534586971
equipo: 677, rating: 0.50437121721587
equipo: 688, rating: 0.5043830074174
equipo: 476, rating: 0.50441876274643
equipo: 593, rating: 0.50459317585302
equipo: 338, rating: 0.50461741424802
equipo: 60, rating: 0.50464807436919
equipo: 414, rating: 0.50465425531915
equipo: 22, rating: 0.50468540829987
equipo: 618, rating: 0.50468540829987
equipo: 673, rating: 0.50471063257066
equipo: 172, rating: 0.50472972972973
equipo: 600, rating: 0.50493745885451
equipo: 80, rating: 0.50498338870432
equipo: 471, rating: 0.50499666888741
equipo: 638, rating: 0.5050916496945
equipo: 580, rating: 0.50529100529101
equipo: 166, rating: 0.5053050397878
equipo: 248, rating: 0.5053050397878
equipo: 242, rating: 0.50532623169108
equipo: 1, rating: 0.50533333333333
equipo: 713, rating: 0.50534045393858
equipo: 17, rating: 0.5053547523427
equipo: 312, rating: 0.50536912751678
equipo: 158, rating: 0.50563286944997
equipo: 226, rating: 0.50563286944997
equipo: 91, rating: 0.50569323509712
equipo: 971, rating: 0.50576271186441
equipo: 162, rating: 0.50577053632043
equipo: 484, rating: 0.50589005235602
equipo: 930, rating: 0.50593667546174
equipo: 121, rating: 0.50595238095238
equipo: 394, rating: 0.50602409638554
equipo: 624, rating: 0.50605652759085
equipo: 243, rating: 0.50622950819672
equipo: 292, rating: 0.50627891606081
equipo: 192, rating: 0.50632069194943
equipo: 927, rating: 0.50632911392405
equipo: 77, rating: 0.50638870208473
equipo: 914, rating: 0.50638870208473
equipo: 850, rating: 0.50644942294637
equipo: 872, rating: 0.5065274151436
equipo: 610, rating: 0.5065963060686
equipo: 962, rating: 0.50660501981506
equipo: 779, rating: 0.50661375661376
equipo: 397, rating: 0.50662251655629
equipo: 821, rating: 0.50664893617021
equipo: 81, rating: 0.50665778961385
equipo: 953, rating: 0.50666666666667
equipo: 523, rating: 0.50667556742323
equipo: 436, rating: 0.50669344042838
equipo: 491, rating: 0.50669344042838
equipo: 665, rating: 0.50669344042838
equipo: 505, rating: 0.50670241286863
equipo: 576, rating: 0.50670241286863
equipo: 701, rating: 0.50670241286863
equipo: 808, rating: 0.50676589986468
equipo: 801, rating: 0.50692155570204
equipo: 371, rating: 0.50693069306931
equipo: 527, rating: 0.50694904037062
equipo: 501, rating: 0.50699533644237
equipo: 251, rating: 0.50707070707071
equipo: 225, rating: 0.50710900473934
equipo: 869, rating: 0.50719895287958
equipo: 238, rating: 0.50723684210526
equipo: 8, rating: 0.50731382978723
equipo: 716, rating: 0.50733333333333
equipo: 524, rating: 0.5073726541555
equipo: 140, rating: 0.50740242261104
equipo: 279, rating: 0.50743374272786
equipo: 430, rating: 0.50744248985115
equipo: 148, rating: 0.50766155896069
equipo: 105, rating: 0.50768203072812
equipo: 383, rating: 0.50768203072812
equipo: 46, rating: 0.50775455158463
equipo: 614, rating: 0.50776502363268
equipo: 16, rating: 0.50779661016949
equipo: 803, rating: 0.50790513833992
equipo: 363, rating: 0.50796812749004
equipo: 213, rating: 0.508
equipo: 401, rating: 0.50802139037433
equipo: 483, rating: 0.50803212851406
equipo: 661, rating: 0.50804289544236
equipo: 558, rating: 0.50806451612903
equipo: 891, rating: 0.50806451612903
equipo: 847, rating: 0.5080971659919
equipo: 581, rating: 0.50815217391304
equipo: 469, rating: 0.50822909809085
equipo: 224, rating: 0.50827266710788
equipo: 223, rating: 0.50830564784053
equipo: 215, rating: 0.50835003340013
equipo: 572, rating: 0.50845165652468
equipo: 868, rating: 0.50845165652468
equipo: 151, rating: 0.50853242320819
equipo: 691, rating: 0.50857519788918
equipo: 990, rating: 0.50863213811421
equipo: 264, rating: 0.5086782376502
equipo: 327, rating: 0.50871313672922
equipo: 940, rating: 0.50873655913978
equipo: 584, rating: 0.50880758807588
equipo: 51, rating: 0.50887573964497
equipo: 737, rating: 0.50894632206759
equipo: 207, rating: 0.50900600400267
equipo: 214, rating: 0.50900600400267
equipo: 646, rating: 0.50903010033445
equipo: 938, rating: 0.50904219691896
equipo: 259, rating: 0.50906648757555
equipo: 358, rating: 0.50912778904665
equipo: 231, rating: 0.50917431192661
equipo: 278, rating: 0.50934579439252
equipo: 98, rating: 0.50955833882663
equipo: 95, rating: 0.50963455149502
equipo: 798, rating: 0.50966022651566
equipo: 204, rating: 0.50980392156863
equipo: 43, rating: 0.50985545335085
equipo: 252, rating: 0.50998668442077
equipo: 324, rating: 0.50998668442077
equipo: 704, rating: 0.51012145748988
equipo: 874, rating: 0.51012145748988
equipo: 567, rating: 0.51020408163265
equipo: 616, rating: 0.51024454725711
equipo: 585, rating: 0.51028533510285
equipo: 343, rating: 0.51039570757881
equipo: 640, rating: 0.51042367182246
equipo: 543, rating: 0.5105680317041
equipo: 156, rating: 0.5106100795756
equipo: 658, rating: 0.51062416998672
equipo: 561, rating: 0.51063829787234
equipo: 66, rating: 0.51068090787717
equipo: 709, rating: 0.51072386058981
equipo: 93, rating: 0.51073825503356
equipo: 147, rating: 0.51075268817204
equipo: 83, rating: 0.51079622132254
equipo: 597, rating: 0.51079622132254
equipo: 217, rating: 0.51081081081081
equipo: 739, rating: 0.51086956521739
equipo: 602, rating: 0.51090548578982
equipo: 467, rating: 0.51093439363817
equipo: 778, rating: 0.5109926715523
equipo: 377, rating: 0.51100733822548
equipo: 832, rating: 0.51103678929766
equipo: 410, rating: 0.5110533159948
equipo: 44, rating: 0.51108126259234
equipo: 902, rating: 0.51111111111111
equipo: 571, rating: 0.51119894598155
equipo: 867, rating: 0.5112582781457
equipo: 386, rating: 0.51128818061089
equipo: 933, rating: 0.51140939597315
equipo: 969, rating: 0.5114247311828
equipo: 700, rating: 0.5114401076716
equipo: 102, rating: 0.51148648648649
equipo: 380, rating: 0.51158173395103
equipo: 390, rating: 0.51158173395103
equipo: 623, rating: 0.51158173395103
equipo: 814, rating: 0.51162790697674
equipo: 52, rating: 0.51167444963309
equipo: 433, rating: 0.5118004045853
equipo: 751, rating: 0.5118004045853
equipo: 935, rating: 0.5118163403106
equipo: 942, rating: 0.51185770750988
equipo: 738, rating: 0.5118966689327
equipo: 470, rating: 0.51193633952255
equipo: 854, rating: 0.51198402130493
equipo: 205, rating: 0.51206434316354
equipo: 666, rating: 0.51211525867714
equipo: 296, rating: 0.51212938005391
equipo: 810, rating: 0.51212938005391
equipo: 94, rating: 0.51219512195122
equipo: 446, rating: 0.51225977468522
equipo: 468, rating: 0.51225977468522
equipo: 510, rating: 0.51225977468522
equipo: 152, rating: 0.51232511658894
equipo: 797, rating: 0.51243455497382
equipo: 186, rating: 0.51244115669132
equipo: 877, rating: 0.51247471341875
equipo: 731, rating: 0.5126329787234
equipo: 391, rating: 0.51266666666667
equipo: 622, rating: 0.51270053475936
equipo: 790, rating: 0.51270053475936
equipo: 354, rating: 0.51271753681392
equipo: 591, rating: 0.5127345844504
equipo: 352, rating: 0.51278600269179
equipo: 975, rating: 0.51283783783784
equipo: 570, rating: 0.51287128712871
equipo: 769, rating: 0.51288830138797
equipo: 342, rating: 0.51295681063123
equipo: 474, rating: 0.51295681063123
equipo: 636, rating: 0.51295681063123
equipo: 332, rating: 0.5130086724483
equipo: 917, rating: 0.51304347826087
equipo: 856, rating: 0.51313131313131
equipo: 735, rating: 0.5132802124834
equipo: 728, rating: 0.51329243353783
equipo: 119, rating: 0.51342281879195
equipo: 423, rating: 0.51362126245847
equipo: 776, rating: 0.51365756162558
equipo: 258, rating: 0.51369405477622
equipo: 829, rating: 0.51371237458194
equipo: 263, rating: 0.51373074346952
equipo: 367, rating: 0.51374916163649
equipo: 657, rating: 0.5137976346912
equipo: 150, rating: 0.51387054161162
equipo: 637, rating: 0.51407506702413
equipo: 895, rating: 0.51407506702413
equipo: 862, rating: 0.51418918918919
equipo: 218, rating: 0.5142101784534
equipo: 201, rating: 0.51424694708277
equipo: 645, rating: 0.5143237841439
equipo: 537, rating: 0.51434426229508
equipo: 840, rating: 0.51441677588467
equipo: 526, rating: 0.51445466491459
equipo: 812, rating: 0.51447368421053
equipo: 910, rating: 0.51456953642384
equipo: 228, rating: 0.51464713715047
equipo: 138, rating: 0.51466666666667
equipo: 445, rating: 0.51470588235294
equipo: 221, rating: 0.51476510067114
equipo: 10, rating: 0.51496598639456
equipo: 45, rating: 0.51499000666223
equipo: 178, rating: 0.51521164021164
equipo: 321, rating: 0.5152749490835
equipo: 590, rating: 0.51535380507343
equipo: 42, rating: 0.51536952256377
equipo: 142, rating: 0.51537935748462
equipo: 153, rating: 0.51556156968877
equipo: 20, rating: 0.51563539587492
equipo: 729, rating: 0.51604278074866
equipo: 329, rating: 0.51610738255034
equipo: 894, rating: 0.51617161716172
equipo: 262, rating: 0.51617250673854
equipo: 885, rating: 0.51643192488263
equipo: 478, rating: 0.51646903820817
equipo: 672, rating: 0.51646903820817
equipo: 663, rating: 0.51649831649832
equipo: 209, rating: 0.51667801225323
equipo: 271, rating: 0.51672131147541
equipo: 50, rating: 0.51678736010533
equipo: 68, rating: 0.51680949241925
equipo: 795, rating: 0.51685393258427
equipo: 904, rating: 0.51687624090007
equipo: 25, rating: 0.51728813559322
equipo: 191, rating: 0.51731025299601
equipo: 918, rating: 0.5173116089613
equipo: 355, rating: 0.51742627345845
equipo: 771, rating: 0.51751487111699
equipo: 897, rating: 0.51774949765573
equipo: 674, rating: 0.51792828685259
equipo: 35, rating: 0.518
equipo: 452, rating: 0.51809651474531
equipo: 498, rating: 0.51812080536913
equipo: 740, rating: 0.51819986763733
equipo: 800, rating: 0.51827242524917
equipo: 107, rating: 0.51829268292683
equipo: 702, rating: 0.51831750339213
equipo: 594, rating: 0.51854261548471
equipo: 420, rating: 0.51863963374755
equipo: 770, rating: 0.51876675603217
equipo: 21, rating: 0.51878707976269
equipo: 472, rating: 0.51881720430108
equipo: 794, rating: 0.51886168100596
equipo: 900, rating: 0.51910408432148
equipo: 320, rating: 0.51911468812877
equipo: 972, rating: 0.51949768671514
equipo: 33, rating: 0.51952349437459
equipo: 362, rating: 0.51952349437459
equipo: 65, rating: 0.51958224543081
equipo: 375, rating: 0.51964769647696
equipo: 497, rating: 0.51965923984273
equipo: 398, rating: 0.51968503937008
equipo: 356, rating: 0.51973244147157
equipo: 630, rating: 0.51975476839237
equipo: 883, rating: 0.52002670226969
equipo: 301, rating: 0.52023498694517
equipo: 161, rating: 0.52023888520239
equipo: 853, rating: 0.52038043478261
equipo: 118, rating: 0.52044854881266
equipo: 385, rating: 0.52048354600403
equipo: 799, rating: 0.52060170045782
equipo: 678, rating: 0.52062868369352
equipo: 848, rating: 0.52062868369352
equipo: 509, rating: 0.52063914780293
equipo: 655, rating: 0.52066666666667
equipo: 297, rating: 0.52083333333333
equipo: 120, rating: 0.52084712111185
equipo: 621, rating: 0.52093023255814
equipo: 530, rating: 0.52094240837696
equipo: 294, rating: 0.52096985583224
equipo: 865, rating: 0.52096985583224
equipo: 298, rating: 0.52099737532808
equipo: 643, rating: 0.52104208416834
equipo: 277, rating: 0.52112676056338
equipo: 711, rating: 0.52116402116402
equipo: 322, rating: 0.52118359112307
equipo: 982, rating: 0.52121212121212
equipo: 613, rating: 0.52122015915119
equipo: 548, rating: 0.52124833997344
equipo: 535, rating: 0.52153432032301
equipo: 78, rating: 0.52156334231806
equipo: 712, rating: 0.52176781002639
equipo: 149, rating: 0.52191503708699
equipo: 875, rating: 0.522
equipo: 61, rating: 0.52214765100671
equipo: 272, rating: 0.5222295952223
equipo: 809, rating: 0.52226720647773
equipo: 756, rating: 0.5224380442063
equipo: 200, rating: 0.52278820375335
equipo: 340, rating: 0.52327127659574
equipo: 439, rating: 0.52329507089804
equipo: 947, rating: 0.52330925804334
equipo: 817, rating: 0.52342704149933
equipo: 341, rating: 0.52364864864865
equipo: 855, rating: 0.52368064952639
equipo: 116, rating: 0.52368245496998
equipo: 882, rating: 0.52374581939799
equipo: 124, rating: 0.52380952380952
equipo: 662, rating: 0.52380952380952
equipo: 881, rating: 0.52384150436535
equipo: 710, rating: 0.52409638554217
equipo: 736, rating: 0.52412425644415
equipo: 507, rating: 0.5241935483871
equipo: 90, rating: 0.52419904567144
equipo: 747, rating: 0.5242203052422
equipo: 244, rating: 0.52429149797571
equipo: 49, rating: 0.52450331125828
equipo: 421, rating: 0.52454606590451
equipo: 323, rating: 0.52469959946595
equipo: 351, rating: 0.52494873547505
equipo: 963, rating: 0.525
equipo: 970, rating: 0.52503293807642
equipo: 991, rating: 0.5250501002004
equipo: 775, rating: 0.52537903757416
equipo: 173, rating: 0.52540106951872
equipo: 997, rating: 0.52547981469226
equipo: 376, rating: 0.52552356020942
equipo: 442, rating: 0.52554744525547
equipo: 219, rating: 0.52564956695536
equipo: 587, rating: 0.52569169960474
equipo: 758, rating: 0.52578700602813
equipo: 749, rating: 0.52585627938214
equipo: 146, rating: 0.52589105581708
equipo: 654, rating: 0.52593085106383
equipo: 725, rating: 0.52617267165194
equipo: 520, rating: 0.5262123197903
equipo: 407, rating: 0.52624584717608
equipo: 923, rating: 0.52631578947368
equipo: 135, rating: 0.52642140468227
equipo: 635, rating: 0.52656355077337
equipo: 893, rating: 0.52673796791444
equipo: 603, rating: 0.52701801200801
equipo: 289, rating: 0.52712659075687
equipo: 607, rating: 0.52722443559097
equipo: 631, rating: 0.52729693741678
equipo: 139, rating: 0.52736982643525
equipo: 435, rating: 0.52748691099476
equipo: 762, rating: 0.52750165672631
equipo: 195, rating: 0.52763157894737
equipo: 782, rating: 0.52768512341561
equipo: 629, rating: 0.52805949966193
equipo: 992, rating: 0.52822580645161
equipo: 216, rating: 0.52827677977379
equipo: 27, rating: 0.52828902522154
equipo: 719, rating: 0.52859042553191
equipo: 514, rating: 0.52886529528865
equipo: 866, rating: 0.52889784946237
equipo: 549, rating: 0.52905405405405
equipo: 475, rating: 0.52906208718626
equipo: 454, rating: 0.52910398953564
equipo: 69, rating: 0.52964690206529
equipo: 314, rating: 0.52968645763843
equipo: 230, rating: 0.52976588628763
equipo: 783, rating: 0.52984574111335
equipo: 447, rating: 0.5299727520436
equipo: 2, rating: 0.53027278775782
equipo: 222, rating: 0.53058510638298
equipo: 656, rating: 0.5306258322237
equipo: 425, rating: 0.53065260382334
equipo: 569, rating: 0.53069306930693
equipo: 130, rating: 0.53080568720379
equipo: 267, rating: 0.53096179183136
equipo: 944, rating: 0.53102068045364
equipo: 617, rating: 0.53158602150538
equipo: 994, rating: 0.53185781354795
equipo: 768, rating: 0.53225806451613
equipo: 852, rating: 0.53311036789298
equipo: 319, rating: 0.5332005312085
equipo: 276, rating: 0.53342245989305
equipo: 55, rating: 0.53373413493654
equipo: 287, rating: 0.53390957446809
equipo: 615, rating: 0.53427419354839
equipo: 283, rating: 0.53479125248509
equipo: 563, rating: 0.53488372093023
equipo: 293, rating: 0.53542234332425
equipo: 245, rating: 0.53593015446608
equipo: 15, rating: 0.53674540682415
equipo: 387, rating: 0.53677932405567
equipo: 455, rating: 0.53754940711462
equipo: 32, rating: 0.538
equipo: 403, rating: 0.53906762967827
equipo: 518, rating: 0.54061433447099
equipo: 517, rating: 0.54063129617193
equipo: 986, rating: 0.54310930074678
equipo: 926, rating: 0.54411764705882
equipo: 64, rating: 0.54435483870968
equipo: 360, rating: 0.54539295392954
equipo: 774, rating: 0.54637779282329
equipo: 87, rating: 0.54685408299866
equipo: 202, rating: 0.54754098360656
equipo: 818, rating: 0.54791804362194
