0.16920859201054927
0.3216250828202923
0.5392523646081807
0.48699558069159987
0.3454039647676646
0.46974892364407056