0.16589487585238835
0.2930737745062715
0.41193852755883426
0.5369710783294795
0.3961460799627074
0.5211752553058171