0.1590709454578
0.31103159307628
0.39624250494188
0.5242003241593
0.43443824001086
0.5073707672546
