0.16589487585239
0.29307377450627
0.41193852755883
0.53697107832948
0.39614607996271
0.52117525530582
