0.104350067247597
0.5251823346485099
0.24368474431637052
0.23754563622058428
0.5157907820183988
0.5757119628107742
