0.15907094545779832
0.31103159307628175
0.39624250494187735
0.5242003241593045
0.4344382400108622
0.5073707672546018